=== part retune ===
  feedback             lam=0.05 score [0, 0.600095910258015]     | train disp=0.1058 marker=0.820 gap=0.221 contact=- | held-out disp=0.1045 marker=0.789 gap=0.205 gmin=5.692 atU=0.83 u_max=0.0200 barrier=0.00 contact=- met=True
  feedback             lam=0.06 score [0, 0.18142410505097928]   | train disp=0.0781 marker=0.169 gap=0.047 contact=- | held-out disp=0.0777 marker=0.160 gap=0.043 gmin=5.538 atU=0.00 u_max=0.0008 barrier=0.00 contact=- met=True
  feedback             lam=0.07 score [0, 0.07282380765057421]   | train disp=0.0681 marker=0.006 gap=0.003 contact=- | held-out disp=0.0679 marker=0.009 gap=0.003 gmin=5.497 atU=0.00 u_max=0.0188 barrier=0.00 contact=- met=True
  feedback             lam=0.08 score [0, 0.09393218771852692]   | train disp=0.0641 marker=0.049 gap=0.013 contact=- | held-out disp=0.0640 marker=0.052 gap=0.013 gmin=5.487 atU=7.27 u_max=0.0200 barrier=0.00 contact=- met=True
  feedback             lam=0.09 score [0, 0.09847751464329235]   | train disp=0.0619 marker=0.062 gap=0.016 contact=- | held-out disp=0.0619 marker=0.063 gap=0.016 gmin=5.484 atU=11.11 u_max=0.0200 barrier=0.00 contact=- met=True
  feedback             lam=0.10 score [0, 0.09847748645787154]   | train disp=0.0604 marker=0.065 gap=0.016 contact=- | held-out disp=0.0604 marker=0.065 gap=0.016 gmin=5.484 atU=13.68 u_max=0.0200 barrier=0.00 contact=- met=True
  feedback             lam=0.11 score [0, 0.09729514235021004]   | train disp=0.0591 marker=0.065 gap=0.016 contact=- | held-out disp=0.0591 marker=0.065 gap=0.016 gmin=5.484 atU=15.31 u_max=0.0200 barrier=0.00 contact=- met=True
  feedback             lam=0.12 score [0, 0.09581550815706426]   | train disp=0.0578 marker=0.065 gap=0.016 contact=- | held-out disp=0.0578 marker=0.065 gap=0.016 gmin=5.484 atU=16.56 u_max=0.0200 barrier=0.00 contact=- met=True
  feedback             lam=0.13 score [0, 0.09427282484550877]   | train disp=0.0566 marker=0.065 gap=0.016 contact=- | held-out disp=0.0566 marker=0.065 gap=0.016 gmin=5.484 atU=17.59 u_max=0.0200 barrier=0.00 contact=- met=True
  feedback             lam=0.14 score [0, 0.09273167160237487]   | train disp=0.0554 marker=0.064 gap=0.016 contact=- | held-out disp=0.0554 marker=0.064 gap=0.016 gmin=5.484 atU=18.55 u_max=0.0200 barrier=0.00 contact=- met=True
  feedback             lam=0.15 score [0, 0.09121001303364551]   | train disp=0.0543 marker=0.063 gap=0.016 contact=- | held-out disp=0.0543 marker=0.063 gap=0.016 gmin=5.484 atU=19.45 u_max=0.0200 barrier=0.00 contact=- met=True
  feedback             lam=0.16 score [0, 0.08970595202436964]   | train disp=0.0531 marker=0.063 gap=0.016 contact=- | held-out disp=0.0531 marker=0.063 gap=0.016 gmin=5.484 atU=20.24 u_max=0.0200 barrier=0.00 contact=- met=True
  feedback             lam=0.17 score [0, 0.08822180939050857]   | train disp=0.0520 marker=0.062 gap=0.016 contact=- | held-out disp=0.0520 marker=0.062 gap=0.016 gmin=5.484 atU=20.94 u_max=0.0200 barrier=0.00 contact=- met=True
  feedback             lam=0.18 score [0, 0.08675836599879479]   | train disp=0.0509 marker=0.061 gap=0.015 contact=- | held-out disp=0.0509 marker=0.061 gap=0.015 gmin=5.485 atU=21.57 u_max=0.0200 barrier=0.00 contact=- met=True
  feedback             lam=0.19 score [0, 0.0853156386748329]    | train disp=0.0498 marker=0.061 gap=0.015 contact=- | held-out disp=0.0498 marker=0.061 gap=0.015 gmin=5.485 atU=22.13 u_max=0.0200 barrier=0.00 contact=- met=True
  feedback             lam=0.20 score [0, 0.08389341115298521]   | train disp=0.0487 marker=0.060 gap=0.015 contact=- | held-out disp=0.0487 marker=0.060 gap=0.015 gmin=5.485 atU=22.64 u_max=0.0200 barrier=0.00 contact=- met=True
  feedback             lam=0.25 score [0, 0.07707934540817026]   | train disp=0.0436 marker=0.057 gap=0.014 contact=- | held-out disp=0.0436 marker=0.057 gap=0.014 gmin=5.486 atU=24.57 u_max=0.0200 barrier=0.00 contact=- met=True
  feedback             lam=0.30 score [0, 0.0707332539078891]    | train disp=0.0388 marker=0.055 gap=0.014 contact=- | held-out disp=0.0388 marker=0.055 gap=0.014 gmin=5.486 atU=25.87 u_max=0.0200 barrier=0.00 contact=- met=True
  feedback             lam=0.40 score [0, 0.05931124900286022]   | train disp=0.0303 marker=0.050 gap=0.012 contact=- | held-out disp=0.0303 marker=0.050 gap=0.012 gmin=5.488 atU=27.50 u_max=0.0200 barrier=0.00 contact=- met=True
  feedback             lam=0.50 score [0, 0.049390614576149496]  | train disp=0.0231 marker=0.045 gap=0.011 contact=- | held-out disp=0.0231 marker=0.045 gap=0.011 gmin=5.489 atU=28.49 u_max=0.0200 barrier=0.00 contact=- met=True
  feedback             selected lam=0.50 score [0, 0.049390614576149496]; held-out disp=0.0231 marker=0.045 gap=0.011 atU=28.49 barrier=0.00 met=True; design lam=0.065 score [0, 0.10601250200125871] held-out met True; training without violation: [0.05, 0.06, 0.07, 0.08, 0.09, 0.1, 0.11, 0.12, 0.13, 0.14, 0.15, 0.16, 0.17, 0.18, 0.19, 0.2, 0.25, 0.3, 0.4, 0.5]; held-out met: [0.05, 0.06, 0.07, 0.08, 0.09, 0.1, 0.11, 0.12, 0.13, 0.14, 0.15, 0.16, 0.17, 0.18, 0.19, 0.2, 0.25, 0.3, 0.4, 0.5]
  unshaped reference   lam=0.05 score [0, 1.229988005155036]     | train disp=0.1324 marker=1.501 gap=0.597 contact=- | held-out disp=0.1330 marker=1.514 gap=0.612 gmin=5.693 atU=28.02 u_max=0.0200 barrier=0.00 contact=- met=True
  unshaped reference   lam=0.06 score [0, 0.5323136561453813]    | train disp=0.0957 marker=0.549 gap=0.254 contact=- | held-out disp=0.0960 marker=0.555 gap=0.260 gmin=5.543 atU=32.92 u_max=0.0200 barrier=0.00 contact=- met=True
  unshaped reference   lam=0.07 score [0, 0.23942689895958816]   | train disp=0.0772 marker=0.180 gap=0.102 contact=- | held-out disp=0.0774 marker=0.183 gap=0.105 gmin=5.501 atU=36.60 u_max=0.0200 barrier=0.00 contact=- met=True
  unshaped reference   lam=0.08 score [0, 0.11480775410955364]   | train disp=0.0678 marker=0.034 gap=0.036 contact=- | held-out disp=0.0679 marker=0.035 gap=0.037 gmin=5.489 atU=39.46 u_max=0.0200 barrier=0.00 contact=- met=True
  unshaped reference   lam=0.09 score [0, 0.08764463323019338]   | train disp=0.0627 marker=0.031 gap=0.015 contact=- | held-out disp=0.0627 marker=0.031 gap=0.015 gmin=5.485 atU=41.74 u_max=0.0200 barrier=0.00 contact=- met=True
  unshaped reference   lam=0.10 score [0, 0.09114756208849902]   | train disp=0.0597 marker=0.048 gap=0.016 contact=- | held-out disp=0.0597 marker=0.047 gap=0.016 gmin=5.484 atU=43.61 u_max=0.0200 barrier=0.00 contact=- met=True
  unshaped reference   lam=0.11 score [0, 0.0923451243052682]    | train disp=0.0577 marker=0.057 gap=0.016 contact=- | held-out disp=0.0577 marker=0.057 gap=0.016 gmin=5.484 atU=45.16 u_max=0.0200 barrier=0.00 contact=- met=True
  unshaped reference   lam=0.12 score [0, 0.09186486880952316]   | train disp=0.0561 marker=0.060 gap=0.016 contact=- | held-out disp=0.0561 marker=0.060 gap=0.016 gmin=5.484 atU=46.48 u_max=0.0200 barrier=0.00 contact=- met=True
  unshaped reference   lam=0.13 score [0, 0.09075627083630404]   | train disp=0.0548 marker=0.061 gap=0.016 contact=- | held-out disp=0.0548 marker=0.061 gap=0.016 gmin=5.484 atU=47.60 u_max=0.0200 barrier=0.00 contact=- met=True
  unshaped reference   lam=0.14 score [0, 0.08941792262857007]   | train disp=0.0536 marker=0.061 gap=0.015 contact=- | held-out disp=0.0536 marker=0.061 gap=0.015 gmin=5.485 atU=48.58 u_max=0.0200 barrier=0.00 contact=- met=True
  unshaped reference   lam=0.15 score [0, 0.08800292593467891]   | train disp=0.0524 marker=0.061 gap=0.015 contact=- | held-out disp=0.0524 marker=0.061 gap=0.015 gmin=5.485 atU=49.43 u_max=0.0200 barrier=0.00 contact=- met=True
  unshaped reference   lam=0.16 score [0, 0.0865705100442445]    | train disp=0.0513 marker=0.060 gap=0.015 contact=- | held-out disp=0.0513 marker=0.060 gap=0.015 gmin=5.485 atU=50.18 u_max=0.0200 barrier=0.00 contact=- met=True
  unshaped reference   lam=0.17 score [0, 0.085145662547698]     | train disp=0.0502 marker=0.060 gap=0.015 contact=- | held-out disp=0.0502 marker=0.060 gap=0.015 gmin=5.485 atU=50.85 u_max=0.0200 barrier=0.00 contact=- met=True
  unshaped reference   lam=0.18 score [0, 0.0837381877381252]    | train disp=0.0491 marker=0.059 gap=0.015 contact=- | held-out disp=0.0491 marker=0.059 gap=0.015 gmin=5.485 atU=51.45 u_max=0.0200 barrier=0.00 contact=- met=True
  unshaped reference   lam=0.19 score [0, 0.08235101534022722]   | train disp=0.0481 marker=0.059 gap=0.015 contact=- | held-out disp=0.0481 marker=0.059 gap=0.015 gmin=5.485 atU=51.98 u_max=0.0200 barrier=0.00 contact=- met=True
  unshaped reference   lam=0.20 score [0, 0.0809832754081583]    | train disp=0.0470 marker=0.058 gap=0.015 contact=- | held-out disp=0.0470 marker=0.058 gap=0.015 gmin=5.485 atU=52.47 u_max=0.0200 barrier=0.00 contact=- met=True
  unshaped reference   lam=0.25 score [0, 0.07441467623470051]   | train disp=0.0421 marker=0.055 gap=0.014 contact=- | held-out disp=0.0421 marker=0.055 gap=0.014 gmin=5.486 atU=54.33 u_max=0.0200 barrier=0.00 contact=- met=True
  unshaped reference   lam=0.30 score [0, 0.06829304447073999]   | train disp=0.0375 marker=0.053 gap=0.013 contact=- | held-out disp=0.0375 marker=0.053 gap=0.013 gmin=5.487 atU=55.59 u_max=0.0200 barrier=0.00 contact=- met=True
  unshaped reference   lam=0.40 score [0, 0.057270970214934394]  | train disp=0.0293 marker=0.048 gap=0.012 contact=- | held-out disp=0.0293 marker=0.048 gap=0.012 gmin=5.488 atU=57.19 u_max=0.0200 barrier=0.00 contact=- met=True
  unshaped reference   lam=0.50 score [0, 0.047694097380883704]  | train disp=0.0223 marker=0.043 gap=0.011 contact=- | held-out disp=0.0223 marker=0.043 gap=0.011 gmin=5.489 atU=58.16 u_max=0.0200 barrier=0.00 contact=- met=True
  unshaped reference   selected lam=0.50 score [0, 0.047694097380883704]; held-out disp=0.0223 marker=0.043 gap=0.011 atU=58.16 barrier=0.00 met=True; design lam=0.065 score [0, 0.35487416743930567] held-out met True; training without violation: [0.05, 0.06, 0.07, 0.08, 0.09, 0.1, 0.11, 0.12, 0.13, 0.14, 0.15, 0.16, 0.17, 0.18, 0.19, 0.2, 0.25, 0.3, 0.4, 0.5]; held-out met: [0.05, 0.06, 0.07, 0.08, 0.09, 0.1, 0.11, 0.12, 0.13, 0.14, 0.15, 0.16, 0.17, 0.18, 0.19, 0.2, 0.25, 0.3, 0.4, 0.5]
  cacc h_w=0.2         lam=0.05 score [0, 1.614701159558242]     | train disp=0.1272 marker=2.534 gap=0.643 contact=- | held-out disp=0.1297 marker=2.593 gap=0.667 gmin=6.129 atU=0.00 u_max=0.0000 barrier=0.00 contact=- met=True
  cacc h_w=0.2         lam=0.06 score [0, 1.1521105343571776]    | train disp=0.1038 marker=1.781 gap=0.455 contact=- | held-out disp=0.1045 marker=1.796 gap=0.461 gmin=5.937 atU=0.00 u_max=0.0000 barrier=0.00 contact=- met=True
  cacc h_w=0.2         lam=0.07 score [0, 0.9662489718074407]    | train disp=0.0945 marker=1.485 gap=0.377 contact=- | held-out disp=0.0947 marker=1.488 gap=0.379 gmin=5.866 atU=0.00 u_max=0.0000 barrier=0.00 contact=- met=True
  cacc h_w=0.2         lam=0.08 score [0, 0.8774142988714952]    | train disp=0.0906 marker=1.343 gap=0.339 contact=- | held-out disp=0.0907 marker=1.344 gap=0.340 gmin=5.832 atU=1.59 u_max=0.0200 barrier=0.00 contact=- met=True
  cacc h_w=0.2         lam=0.09 score [0, 0.8256487302464752]    | train disp=0.0888 marker=1.259 gap=0.317 contact=- | held-out disp=0.0888 marker=1.260 gap=0.317 gmin=5.812 atU=5.69 u_max=0.0200 barrier=0.00 contact=- met=True
  cacc h_w=0.2         lam=0.10 score [0, 0.7900328698721637]    | train disp=0.0878 marker=1.201 gap=0.302 contact=- | held-out disp=0.0878 marker=1.201 gap=0.302 gmin=5.798 atU=8.86 u_max=0.0200 barrier=0.00 contact=- met=True
  cacc h_w=0.2         lam=0.11 score [0, 0.7628485432820089]    | train disp=0.0871 marker=1.156 gap=0.291 contact=- | held-out disp=0.0871 marker=1.156 gap=0.291 gmin=5.787 atU=11.14 u_max=0.0200 barrier=0.00 contact=- met=True
  cacc h_w=0.2         lam=0.12 score [0, 0.7409043835957334]    | train disp=0.0866 marker=1.119 gap=0.281 contact=- | held-out disp=0.0866 marker=1.119 gap=0.281 gmin=5.778 atU=12.96 u_max=0.0200 barrier=0.00 contact=- met=True
  cacc h_w=0.2         lam=0.13 score [0, 0.7226217521217866]    | train disp=0.0862 marker=1.088 gap=0.274 contact=- | held-out disp=0.0862 marker=1.088 gap=0.274 gmin=5.771 atU=14.45 u_max=0.0200 barrier=0.00 contact=- met=True
  cacc h_w=0.2         lam=0.14 score [0, 0.7070863296059144]    | train disp=0.0859 marker=1.062 gap=0.267 contact=- | held-out disp=0.0859 marker=1.062 gap=0.267 gmin=5.764 atU=15.70 u_max=0.0200 barrier=0.00 contact=- met=True
  cacc h_w=0.2         lam=0.15 score [0, 0.6937041436224927]    | train disp=0.0857 marker=1.040 gap=0.261 contact=- | held-out disp=0.0857 marker=1.040 gap=0.261 gmin=5.758 atU=16.62 u_max=0.0200 barrier=0.00 contact=- met=True
  cacc h_w=0.2         lam=0.16 score [0, 0.6820617753331437]    | train disp=0.0855 marker=1.020 gap=0.257 contact=- | held-out disp=0.0855 marker=1.020 gap=0.257 gmin=5.754 atU=17.43 u_max=0.0200 barrier=0.00 contact=- met=True
  cacc h_w=0.2         lam=0.17 score [0, 0.6718534674737289]    | train disp=0.0854 marker=1.003 gap=0.252 contact=- | held-out disp=0.0854 marker=1.003 gap=0.252 gmin=5.749 atU=18.14 u_max=0.0200 barrier=0.00 contact=- met=True
  cacc h_w=0.2         lam=0.18 score [0, 0.6628455356787128]    | train disp=0.0854 marker=0.987 gap=0.248 contact=- | held-out disp=0.0854 marker=0.987 gap=0.248 gmin=5.745 atU=18.78 u_max=0.0200 barrier=0.00 contact=- met=True
  cacc h_w=0.2         lam=0.19 score [0, 0.6548549505958381]    | train disp=0.0855 marker=0.974 gap=0.245 contact=- | held-out disp=0.0855 marker=0.974 gap=0.245 gmin=5.742 atU=19.36 u_max=0.0200 barrier=0.00 contact=- met=True
  cacc h_w=0.2         lam=0.20 score [0, 0.6477357277915416]    | train disp=0.0856 marker=0.961 gap=0.242 contact=- | held-out disp=0.0856 marker=0.961 gap=0.242 gmin=5.739 atU=19.87 u_max=0.0200 barrier=0.00 contact=- met=True
  cacc h_w=0.2         lam=0.25 score [0, 0.6217362112125311]    | train disp=0.0873 marker=0.914 gap=0.230 contact=- | held-out disp=0.0873 marker=0.914 gap=0.230 gmin=5.727 atU=21.86 u_max=0.0200 barrier=0.00 contact=- met=True
  cacc h_w=0.2         lam=0.30 score [0, 0.6062451698841471]    | train disp=0.0905 marker=0.882 gap=0.222 contact=- | held-out disp=0.0905 marker=0.882 gap=0.222 gmin=5.719 atU=23.19 u_max=0.0200 barrier=0.00 contact=- met=True
  cacc h_w=0.2         lam=0.40 score [0, 0.5923033952528556]    | train disp=0.1011 marker=0.840 gap=0.211 contact=- | held-out disp=0.1011 marker=0.840 gap=0.211 gmin=5.709 atU=24.87 u_max=0.0200 barrier=0.00 contact=- met=True
  cacc h_w=0.2         lam=0.50 score [0, 0.590943795571879]     | train disp=0.1163 marker=0.811 gap=0.204 contact=- | held-out disp=0.1163 marker=0.811 gap=0.204 gmin=5.702 atU=25.89 u_max=0.0200 barrier=0.00 contact=- met=True
  cacc h_w=0.2         selected lam=0.50 score [0, 0.590943795571879]; held-out disp=0.1163 marker=0.811 gap=0.204 atU=25.89 barrier=0.00 met=True; design lam=0.065 score [0, 1.040255047362971] held-out met True; training without violation: [0.05, 0.06, 0.07, 0.08, 0.09, 0.1, 0.11, 0.12, 0.13, 0.14, 0.15, 0.16, 0.17, 0.18, 0.19, 0.2, 0.25, 0.3, 0.4, 0.5]; held-out met: [0.05, 0.06, 0.07, 0.08, 0.09, 0.1, 0.11, 0.12, 0.13, 0.14, 0.15, 0.16, 0.17, 0.18, 0.19, 0.2, 0.25, 0.3, 0.4, 0.5]
  cacc h_w=0.5         lam=0.05 score [2, 3.3668592234053945]    | train disp=0.1698 marker=5.393 gap=1.400 contact=- | held-out disp=0.1725 marker=5.461 gap=1.428 gmin=6.802 atU=0.00 u_max=0.0000 barrier=0.00 contact=- met=False
  cacc h_w=0.5         lam=0.06 score [2, 2.6961286644587306]    | train disp=0.1456 marker=4.310 gap=1.114 contact=- | held-out disp=0.1465 marker=4.329 gap=1.122 gmin=6.543 atU=0.00 u_max=0.0000 barrier=0.00 contact=- met=False
  cacc h_w=0.5         lam=0.07 score [1, 2.367889797949478]     | train disp=0.1355 marker=3.787 gap=0.970 contact=- | held-out disp=0.1358 marker=3.792 gap=0.973 gmin=6.424 atU=0.00 u_max=0.0000 barrier=0.00 contact=- met=False
  cacc h_w=0.5         lam=0.08 score [1, 2.182172974357381]     | train disp=0.1313 marker=3.487 gap=0.888 contact=- | held-out disp=0.1314 marker=3.489 gap=0.889 gmin=6.356 atU=0.96 u_max=0.0200 barrier=0.00 contact=- met=False
  cacc h_w=0.5         lam=0.09 score [1, 2.062048466159628]     | train disp=0.1298 marker=3.290 gap=0.836 contact=- | held-out disp=0.1299 marker=3.291 gap=0.836 gmin=6.310 atU=3.29 u_max=0.0200 barrier=0.00 contact=- met=False
  cacc h_w=0.5         lam=0.10 score [1, 1.975676393239392]     | train disp=0.1295 marker=3.145 gap=0.798 contact=- | held-out disp=0.1295 marker=3.145 gap=0.798 gmin=6.275 atU=7.03 u_max=0.0200 barrier=0.00 contact=- met=False
  cacc h_w=0.5         lam=0.11 score [1, 1.9090450007173179]    | train disp=0.1298 marker=3.032 gap=0.769 contact=- | held-out disp=0.1298 marker=3.032 gap=0.769 gmin=6.247 atU=9.36 u_max=0.0200 barrier=0.00 contact=- met=False
  cacc h_w=0.5         lam=0.12 score [0, 1.8552863045836623]    | train disp=0.1304 marker=2.939 gap=0.745 contact=- | held-out disp=0.1304 marker=2.939 gap=0.745 gmin=6.224 atU=11.15 u_max=0.0200 barrier=0.00 contact=- met=True
  cacc h_w=0.5         lam=0.13 score [0, 1.8106818700523584]    | train disp=0.1313 marker=2.861 gap=0.726 contact=- | held-out disp=0.1313 marker=2.861 gap=0.726 gmin=6.205 atU=12.65 u_max=0.0200 barrier=0.00 contact=- met=True
  cacc h_w=0.5         lam=0.14 score [0, 1.7729770730450505]    | train disp=0.1323 marker=2.795 gap=0.709 contact=- | held-out disp=0.1323 marker=2.795 gap=0.709 gmin=6.189 atU=13.91 u_max=0.0200 barrier=0.00 contact=- met=True
  cacc h_w=0.5         lam=0.15 score [0, 1.740675407757891]     | train disp=0.1336 marker=2.738 gap=0.695 contact=- | held-out disp=0.1336 marker=2.738 gap=0.695 gmin=6.174 atU=15.02 u_max=0.0200 barrier=0.00 contact=- met=True
  cacc h_w=0.5         lam=0.16 score [0, 1.7127243176141653]    | train disp=0.1350 marker=2.687 gap=0.682 contact=- | held-out disp=0.1350 marker=2.687 gap=0.682 gmin=6.162 atU=15.92 u_max=0.0200 barrier=0.00 contact=- met=True
  cacc h_w=0.5         lam=0.17 score [0, 1.6883482251789608]    | train disp=0.1366 marker=2.643 gap=0.671 contact=- | held-out disp=0.1366 marker=2.643 gap=0.671 gmin=6.151 atU=16.64 u_max=0.0200 barrier=0.00 contact=- met=True
  cacc h_w=0.5         lam=0.18 score [0, 1.6669565742735792]    | train disp=0.1384 marker=2.603 gap=0.661 contact=- | held-out disp=0.1384 marker=2.603 gap=0.661 gmin=6.141 atU=17.29 u_max=0.0200 barrier=0.00 contact=- met=True
  cacc h_w=0.5         lam=0.19 score [0, 1.648087800624419]     | train disp=0.1403 marker=2.568 gap=0.652 contact=- | held-out disp=0.1403 marker=2.568 gap=0.652 gmin=6.132 atU=17.88 u_max=0.0200 barrier=0.00 contact=- met=True
  cacc h_w=0.5         lam=0.20 score [0, 1.6313850034193251]    | train disp=0.1424 marker=2.535 gap=0.644 contact=- | held-out disp=0.1424 marker=2.535 gap=0.644 gmin=6.124 atU=18.41 u_max=0.0200 barrier=0.00 contact=- met=True
  cacc h_w=0.5         lam=0.25 score [0, 1.5715042972915305]    | train disp=0.1550 marker=2.412 gap=0.613 contact=- | held-out disp=0.1550 marker=2.412 gap=0.613 gmin=6.093 atU=20.46 u_max=0.0200 barrier=0.00 contact=- met=True
  cacc h_w=0.5         lam=0.30 score [0, 1.5372746054043867]    | train disp=0.1710 marker=2.326 gap=0.591 contact=- | held-out disp=0.1710 marker=2.326 gap=0.591 gmin=6.072 atU=21.85 u_max=0.0200 barrier=0.00 contact=- met=True
  cacc h_w=0.5         lam=0.40 score [0, 1.5093696290041883]    | train disp=0.2119 marker=2.210 gap=0.561 contact=- | held-out disp=0.2119 marker=2.210 gap=0.561 gmin=6.044 atU=23.60 u_max=0.0200 barrier=0.00 contact=- met=True
  cacc h_w=0.5         lam=0.50 score [0, 1.5095705066545122]    | train disp=0.2620 marker=2.127 gap=0.539 contact=- | held-out disp=0.2620 marker=2.127 gap=0.539 gmin=6.025 atU=24.66 u_max=0.0200 barrier=0.00 contact=- met=True
  cacc h_w=0.5         selected lam=0.40 score [0, 1.5093696290041883]; held-out disp=0.2119 marker=2.210 gap=0.561 atU=23.60 barrier=0.00 met=True; design lam=0.065 score [2, 2.506082817753547] held-out met False; training without violation: [0.12, 0.13, 0.14, 0.15, 0.16, 0.17, 0.18, 0.19, 0.2, 0.25, 0.3, 0.4, 0.5]; held-out met: [0.12, 0.13, 0.14, 0.15, 0.16, 0.17, 0.18, 0.19, 0.2, 0.25, 0.3, 0.4, 0.5]
  cacc h_w=1.0         lam=0.05 score [2, 6.355525791181728]     | train disp=0.2395 marker=10.249 gap=2.700 contact=- | held-out disp=0.2426 marker=10.332 gap=2.735 gmin=7.931 atU=0.00 u_max=0.0000 barrier=0.00 contact=- met=False
  cacc h_w=1.0         lam=0.06 score [2, 5.360207195674652]     | train disp=0.2152 marker=8.647 gap=2.263 contact=- | held-out disp=0.2163 marker=8.673 gap=2.274 gmin=7.564 atU=0.00 u_max=0.0000 barrier=0.00 contact=- met=False
  cacc h_w=1.0         lam=0.07 score [2, 4.801211210946187]     | train disp=0.2043 marker=7.753 gap=2.013 contact=- | held-out disp=0.2047 marker=7.761 gap=2.017 gmin=7.366 atU=0.00 u_max=0.0000 barrier=0.00 contact=- met=False
  cacc h_w=1.0         lam=0.08 score [2, 4.453296418129867]     | train disp=0.2000 marker=7.190 gap=1.857 contact=- | held-out disp=0.2002 marker=7.193 gap=1.858 gmin=7.240 atU=0.00 u_max=0.0009 barrier=0.00 contact=- met=False
  cacc h_w=1.0         lam=0.09 score [2, 4.216151572463161]     | train disp=0.1991 marker=6.800 gap=1.751 contact=- | held-out disp=0.1991 marker=6.801 gap=1.751 gmin=7.150 atU=1.38 u_max=0.0200 barrier=0.00 contact=- met=False
  cacc h_w=1.0         lam=0.10 score [2, 4.042391463823767]     | train disp=0.1999 marker=6.508 gap=1.673 contact=- | held-out disp=0.2000 marker=6.508 gap=1.674 gmin=7.081 atU=3.52 u_max=0.0200 barrier=0.00 contact=- met=False
  cacc h_w=1.0         lam=0.11 score [2, 3.907943700923729]     | train disp=0.2018 marker=6.278 gap=1.614 contact=- | held-out disp=0.2019 marker=6.278 gap=1.614 gmin=7.026 atU=6.36 u_max=0.0200 barrier=0.00 contact=- met=False
  cacc h_w=1.0         lam=0.12 score [2, 3.7998655642980927]    | train disp=0.2044 marker=6.090 gap=1.565 contact=- | held-out disp=0.2045 marker=6.090 gap=1.566 gmin=6.980 atU=8.20 u_max=0.0200 barrier=0.00 contact=- met=False
  cacc h_w=1.0         lam=0.13 score [2, 3.710612669217322]     | train disp=0.2076 marker=5.933 gap=1.525 contact=- | held-out disp=0.2076 marker=5.933 gap=1.526 gmin=6.941 atU=9.68 u_max=0.0200 barrier=0.00 contact=- met=False
  cacc h_w=1.0         lam=0.14 score [2, 3.6354710947615274]    | train disp=0.2111 marker=5.799 gap=1.491 contact=- | held-out disp=0.2111 marker=5.799 gap=1.492 gmin=6.908 atU=10.94 u_max=0.0200 barrier=0.00 contact=- met=False
  cacc h_w=1.0         lam=0.15 score [2, 3.571319144105682]     | train disp=0.2150 marker=5.682 gap=1.462 contact=- | held-out disp=0.2150 marker=5.682 gap=1.462 gmin=6.879 atU=12.06 u_max=0.0200 barrier=0.00 contact=- met=False
  cacc h_w=1.0         lam=0.16 score [2, 3.515978207951349]     | train disp=0.2193 marker=5.581 gap=1.436 contact=- | held-out disp=0.2193 marker=5.581 gap=1.436 gmin=6.854 atU=13.00 u_max=0.0200 barrier=0.00 contact=- met=False
  cacc h_w=1.0         lam=0.17 score [2, 3.467830907913613]     | train disp=0.2239 marker=5.490 gap=1.414 contact=- | held-out disp=0.2239 marker=5.490 gap=1.414 gmin=6.831 atU=13.84 u_max=0.0200 barrier=0.00 contact=- met=False
  cacc h_w=1.0         lam=0.18 score [2, 3.4256818909872964]    | train disp=0.2289 marker=5.410 gap=1.393 contact=- | held-out disp=0.2289 marker=5.410 gap=1.393 gmin=6.811 atU=14.58 u_max=0.0200 barrier=0.00 contact=- met=False
  cacc h_w=1.0         lam=0.19 score [2, 3.388572485163034]     | train disp=0.2342 marker=5.338 gap=1.375 contact=- | held-out disp=0.2342 marker=5.338 gap=1.375 gmin=6.794 atU=15.26 u_max=0.0200 barrier=0.00 contact=- met=False
  cacc h_w=1.0         lam=0.20 score [2, 3.3557346128054535]    | train disp=0.2397 marker=5.272 gap=1.359 contact=- | held-out disp=0.2397 marker=5.272 gap=1.359 gmin=6.777 atU=15.84 u_max=0.0200 barrier=0.00 contact=- met=False
  cacc h_w=1.0         lam=0.25 score [2, 3.2384664534001315]    | train disp=0.2719 marker=5.018 gap=1.294 contact=- | held-out disp=0.2719 marker=5.018 gap=1.294 gmin=6.715 atU=17.97 u_max=0.0200 barrier=0.00 contact=- met=False
  cacc h_w=1.0         lam=0.30 score [2, 3.171352460674427]     | train disp=0.3107 marker=4.839 gap=1.248 contact=- | held-out disp=0.3107 marker=4.839 gap=1.248 gmin=6.672 atU=19.44 u_max=0.0200 barrier=0.00 contact=- met=False
  cacc h_w=1.0         lam=0.40 score [2, 3.1133984882181664]    | train disp=0.4040 marker=4.588 gap=1.180 contact=- | held-out disp=0.4040 marker=4.588 gap=1.180 gmin=6.613 atU=21.32 u_max=0.0200 barrier=0.00 contact=- met=False
  cacc h_w=1.0         lam=0.50 score [2, 3.103204170536202]     | train disp=0.5102 marker=4.401 gap=1.126 contact=- | held-out disp=0.5102 marker=4.401 gap=1.126 gmin=6.573 atU=22.46 u_max=0.0200 barrier=0.00 contact=- met=False
  cacc h_w=1.0         selected lam=0.50 score [2, 3.103204170536202]; held-out disp=0.5102 marker=4.401 gap=1.126 atU=22.46 barrier=0.00 met=False; design lam=0.065 score [2, 5.0445115531888405] held-out met False; training without violation: []; held-out met: []
  proposed vs feedback over the grid: identical at 20 of 20 gains
  pid {'Kp': 0.001, 'Kd': 0.05, 'Ki': 1e-06}   score [2, 6.165757435272193]     | train disp=0.0973 marker=10.248 gap=2.652 | held-out disp=0.1191 marker=10.605 gap=2.697 gmin=2.803 atU=0.00 barrier=0.00 met=False
  pid {'Kp': 0.001, 'Kd': 0.05, 'Ki': 5e-05}   score [2, 12.867850485543528]    | train disp=0.1522 marker=21.741 gap=5.469 | held-out disp=0.1544 marker=21.743 gap=5.469 gmin=0.031 atU=30.96 barrier=95.37 met=False
  pid {'Kp': 0.001, 'Kd': 0.05, 'Ki': 0.0002}  score [3, 31.81487451170787]     | train disp=14.9335 marker=27.616 gap=7.676 | held-out disp=14.1561 marker=23.084 gap=7.435 gmin=0.155 atU=22.05 barrier=41.87 met=False
  pid {'Kp': 0.001, 'Kd': 0.115, 'Ki': 1e-06}  score [2, 21.770147445394286]    | train disp=0.5317 marker=35.773 gap=9.314 | held-out disp=0.5488 marker=37.143 gap=9.488 gmin=14.567 atU=0.00 barrier=0.00 met=False
  pid {'Kp': 0.001, 'Kd': 0.115, 'Ki': 5e-05}  score [2, 12.896086143709567]    | train disp=0.1627 marker=21.786 gap=5.471 | held-out disp=0.1628 marker=21.786 gap=5.471 gmin=0.029 atU=11.71 barrier=58.87 met=False
  pid {'Kp': 0.001, 'Kd': 0.115, 'Ki': 0.0002} score [2, 9.053623750808317]     | train disp=0.5672 marker=14.216 gap=3.748 | held-out disp=0.5252 marker=15.276 gap=3.874 gmin=0.103 atU=0.00 barrier=37.64 met=False
  pid {'Kp': 0.001, 'Kd': 0.3, 'Ki': 1e-06}    score [2, 58.509394672363165]    | train disp=0.4524 marker=98.945 gap=25.075 | held-out disp=0.4575 marker=100.212 gap=25.235 gmin=30.355 atU=0.00 barrier=0.00 met=False
  pid {'Kp': 0.001, 'Kd': 0.3, 'Ki': 5e-05}    score [2, 18.948086212323126]    | train disp=0.8275 marker=30.429 gap=7.978 | held-out disp=0.8317 marker=31.697 gap=8.137 gmin=13.172 atU=0.00 barrier=0.00 met=False
  pid {'Kp': 0.001, 'Kd': 0.3, 'Ki': 0.0002}   score [2, 16.697733084360216]    | train disp=0.8145 marker=26.585 gap=7.022 | held-out disp=0.8189 marker=27.899 gap=7.187 gmin=12.213 atU=0.00 barrier=0.00 met=False
  pid {'Kp': 0.003, 'Kd': 0.05, 'Ki': 1e-06}   score [0, 0.3491155143621351]    | train disp=0.1771 marker=0.290 gap=0.075 | held-out disp=0.1829 marker=0.156 gap=0.061 gmin=0.237 atU=10.47 barrier=5.10 met=True
  pid {'Kp': 0.003, 'Kd': 0.05, 'Ki': 5e-05}   score [2, 12.495350592129142]    | train disp=0.0094 marker=21.403 gap=5.352 | held-out disp=0.0648 marker=21.807 gap=5.459 gmin=0.041 atU=20.03 barrier=108.84 met=False
  pid {'Kp': 0.003, 'Kd': 0.05, 'Ki': 0.0002}  score [2, 12.048826396598184]    | train disp=0.8422 marker=13.339 gap=6.760 | held-out disp=0.7662 marker=14.364 gap=6.715 gmin=0.185 atU=43.98 barrier=32.88 met=False
  pid {'Kp': 0.003, 'Kd': 0.115, 'Ki': 1e-06}  score [0, 0.8026145910070379]    | train disp=0.1013 marker=1.193 gap=0.304 | held-out disp=0.1031 marker=1.214 gap=0.306 gmin=5.194 atU=0.00 barrier=0.00 met=True
  pid {'Kp': 0.003, 'Kd': 0.115, 'Ki': 5e-05}  score [2, 12.839251393230757]    | train disp=0.1047 marker=21.815 gap=5.463 | held-out disp=0.1053 marker=21.815 gap=5.463 gmin=0.037 atU=1.77 barrier=88.23 met=False
  pid {'Kp': 0.003, 'Kd': 0.115, 'Ki': 0.0002} score [2, 6.037223740954525]     | train disp=0.3738 marker=9.521 gap=2.490 | held-out disp=0.3942 marker=9.132 gap=2.336 gmin=0.169 atU=0.00 barrier=28.78 met=False
  pid {'Kp': 0.003, 'Kd': 0.3, 'Ki': 1e-06}    score [2, 20.78458256390025]     | train disp=0.4570 marker=34.620 gap=8.788 | held-out disp=0.4623 marker=35.075 gap=8.845 gmin=14.187 atU=0.00 barrier=0.00 met=False
  pid {'Kp': 0.003, 'Kd': 0.3, 'Ki': 5e-05}    score [2, 8.188749851883312]     | train disp=0.5940 marker=12.735 gap=3.350 | held-out disp=0.6001 marker=12.288 gap=3.172 gmin=2.328 atU=0.00 barrier=0.00 met=False
  pid {'Kp': 0.003, 'Kd': 0.3, 'Ki': 0.0002}   score [2, 8.717813353428443]     | train disp=0.5101 marker=13.819 gap=3.602 | held-out disp=0.5216 marker=13.410 gap=3.441 gmin=2.059 atU=0.00 barrier=0.00 met=False
  pid {'Kp': 0.01, 'Kd': 0.05, 'Ki': 1e-06}    score [0, 1.0755821968327552]    | train disp=0.1750 marker=0.482 gap=0.740 | held-out disp=0.1695 marker=0.515 gap=0.758 gmin=0.241 atU=44.85 barrier=5.33 met=True
  pid {'Kp': 0.01, 'Kd': 0.05, 'Ki': 5e-05}    score [2, 5.6485389077039]       | train disp=0.0535 marker=8.308 gap=2.826 | held-out disp=0.0546 marker=8.408 gap=2.844 gmin=0.230 atU=25.34 barrier=8.36 met=False
  pid {'Kp': 0.01, 'Kd': 0.05, 'Ki': 0.0002}   score [0, 0.8423826999854782]    | train disp=0.1053 marker=1.116 gap=0.365 | held-out disp=0.0877 marker=0.880 gap=0.330 gmin=0.240 atU=25.66 barrier=7.58 met=True
  pid {'Kp': 0.01, 'Kd': 0.115, 'Ki': 1e-06}   score [0, 0.28146785293836274]   | train disp=0.0626 marker=0.313 gap=0.115 | held-out disp=0.0618 marker=0.350 gap=0.139 gmin=0.668 atU=18.95 barrier=0.00 met=True
  pid {'Kp': 0.01, 'Kd': 0.115, 'Ki': 5e-05}   score [2, 5.60108644419673]      | train disp=0.0235 marker=7.875 gap=2.953 | held-out disp=0.0211 marker=8.326 gap=3.000 gmin=0.226 atU=20.80 barrier=7.20 met=False
  pid {'Kp': 0.01, 'Kd': 0.115, 'Ki': 0.0002}  score [0, 0.8191664997364398]    | train disp=0.0331 marker=1.211 gap=0.382 | held-out disp=0.0320 marker=1.267 gap=0.414 gmin=0.233 atU=21.68 barrier=6.38 met=True
  pid {'Kp': 0.01, 'Kd': 0.3, 'Ki': 1e-06}     score [0, 0.13788826430405265]   | train disp=0.0799 marker=0.098 gap=0.025 | held-out disp=0.0807 marker=0.105 gap=0.030 gmin=5.524 atU=4.36 barrier=0.00 met=True
  pid {'Kp': 0.01, 'Kd': 0.3, 'Ki': 5e-05}     score [2, 9.362199195897137]     | train disp=0.0136 marker=16.020 gap=4.009 | held-out disp=0.0143 marker=16.039 gap=4.021 gmin=1.400 atU=4.68 barrier=0.00 met=False
  pid {'Kp': 0.01, 'Kd': 0.3, 'Ki': 0.0002}    score [2, 4.664183534191608]     | train disp=0.1189 marker=7.748 gap=1.962 | held-out disp=0.1191 marker=7.897 gap=2.057 gmin=2.176 atU=6.11 barrier=0.00 met=False
  pid selected {'Kp': 0.01, 'Kd': 0.3, 'Ki': 1e-06} score [0, 0.13788826430405265]; held-out disp=0.0807 marker=0.105 gap=0.030 gmin=5.524 barrier=0.00 met=True; hand-tuned score [2, 12.839251393230757] held-out met=False
  checks against base.json: {'base.json row proposed vs feedback at the design gain': True, 'base.json row unshaped reference vs unshaped reference at the design gain': True, 'base.json row cacc h_w=0.2 vs cacc h_w=0.2 at the design gain': True, 'base.json row cacc h_w=0.5 vs cacc h_w=0.5 at the design gain': True, 'base.json row cacc h_w=1.0 vs cacc h_w=1.0 at the design gain': True, 'base.json row pid hand-tuned': True}
  design record unchanged at the end: True; part run time 14.2 s
  -> data/new_d19/fbref/studies/retune.json (2486.2 kB)
