=== part base ===
  MPC weights {'w_e': 3.0, 'w_v': 0.1, 'w_du': 10.0} planner {'tau_c': 5.0, 'dv_max': 1.0} from data/new_d19/caseD/studies/mpc.json (tuned with the input set [-1.2, 0.0]; not retuned); takeover positions substituted: initial clearances of sim_bench.setup [6.5, 6.5, 6.5, 6.5] -> [50.0, 50.0, 50.0, 50.0]
  unshaped reference: rate 9449999/148750000 = 0.063529405 m/s^2, v_r(T_xi) 1000001/1000000 (design 1000001/1000000, equal True); planned distance to T_xi 851.594 m (design 502.620 m); reference stop 852.094 m (design 503.120 m)
    mpc: 2 jobs on 2 workers in 7 s
  -- takeover: benchmark [10.47, 10.55, 10.67, 10.85, 11.1]
  proposed                        disp=0.0716 T_f=149.822 marker=0.048 gap=0.014 gmin=5.511 max|u|=1.080 u_max=0.0000 atU=0.00 pos=0.00 barrier=0.00 fallback=0.00 inbox=True contact=- met=True
  proposed, filter off            disp=0.0716 T_f=149.822 marker=0.048 gap=0.014 gmin=5.511 max|u|=1.080 u_max=0.0000 atU=0.00 pos=0.00 barrier=0.00 fallback=0.00 inbox=True contact=- met=True
  without feedback                disp=0.7060 T_f=150.476 marker=75.608 gap=31.315 gmin=11.206 max|u|=1.000 u_max=0.0000 atU=0.00 pos=0.00 barrier=0.00 fallback=0.00 inbox=False contact=- met=False
  unshaped reference              disp=0.0851 T_f=149.835 marker=0.326 gap=0.167 gmin=5.515 max|u|=1.011 u_max=0.0200 atU=34.88 pos=35.76 barrier=0.00 fallback=0.00 inbox=False contact=- met=True
  cacc h_w=0.2                    disp=0.0985 T_f=149.848 marker=1.610 gap=0.411 gmin=5.894 max|u|=1.078 u_max=0.0000 atU=0.00 pos=0.00 barrier=0.00 fallback=0.00 inbox=False contact=- met=True
  cacc h_w=0.5                    disp=0.1399 T_f=149.890 marker=4.017 gap=1.035 gmin=6.474 max|u|=1.078 u_max=0.0000 atU=0.00 pos=0.00 barrier=0.00 fallback=0.00 inbox=False contact=- met=False
  cacc h_w=1.0                    disp=0.2093 T_f=149.959 marker=8.157 gap=2.129 gmin=7.453 max|u|=1.078 u_max=0.0000 atU=0.00 pos=0.00 barrier=0.00 fallback=0.00 inbox=False contact=- met=False
  pid hand-tuned                  disp=0.1053 T_f=149.856 marker=21.815 gap=5.463 gmin=0.037 max|u|=1.078 u_max=0.0200 atU=1.77 pos=5.34 barrier=88.23 fallback=0.00 inbox=False contact=- met=False
  mpc                             disp=0.6340 T_f=150.803 marker=0.077 gap=0.019 gmin=5.481 max|u|=0.920 u_max=0.0200 atU=4.30 pos=4.40 barrier=0.00 fallback=0.00 inbox=None contact=- met=True
  without feedback, filter off    disp=0.7060 T_f=150.476 marker=75.608 gap=31.315 gmin=11.206 max|u|=1.000 u_max=0.0000 atU=0.00 pos=0.00 barrier=0.00 fallback=0.00 inbox=False contact=- met=False
  unshaped reference, filter off  disp=0.0851 T_f=149.835 marker=0.326 gap=0.167 gmin=5.515 max|u|=1.011 u_max=0.0200 atU=34.88 pos=35.76 barrier=0.00 fallback=0.00 inbox=False contact=- met=True
  cacc h_w=0.5, filter off        disp=0.1399 T_f=149.890 marker=4.017 gap=1.035 gmin=6.474 max|u|=1.078 u_max=0.0000 atU=0.00 pos=0.00 barrier=0.00 fallback=0.00 inbox=False contact=- met=False
  pid hand-tuned, filter off      disp=n.d. T_f=n.d. marker=n.d. gap=n.d. gmin=-1.000 max|u|=1.078 u_max=0.0200 atU=1.77 pos=5.34 barrier=0.00 fallback=0.00 inbox=None contact=65.930 met=False
  -- takeover: doubled [10.47, 10.63, 10.87, 11.229999999999999, 11.729999999999999]
  proposed                        disp=0.0719 T_f=149.822 marker=0.054 gap=0.016 gmin=5.511 max|u|=1.080 u_max=0.0172 atU=0.00 pos=9.05 barrier=0.00 fallback=0.00 inbox=True contact=- met=True
  proposed, filter off            disp=0.0719 T_f=149.822 marker=0.054 gap=0.016 gmin=5.511 max|u|=1.080 u_max=0.0172 atU=0.00 pos=9.05 barrier=0.00 fallback=0.00 inbox=True contact=- met=True
  without feedback                disp=0.4781 T_f=150.248 marker=23.604 gap=19.322 gmin=0.060 max|u|=1.000 u_max=0.0000 atU=0.00 pos=0.00 barrier=30.57 fallback=0.00 inbox=False contact=- met=False
  unshaped reference              disp=0.0849 T_f=149.835 marker=0.322 gap=0.163 gmin=5.516 max|u|=1.011 u_max=0.0200 atU=33.02 pos=33.90 barrier=0.00 fallback=0.00 inbox=False contact=- met=True
  cacc h_w=0.2                    disp=0.0981 T_f=149.848 marker=1.602 gap=0.408 gmin=5.893 max|u|=1.078 u_max=0.0000 atU=0.00 pos=0.00 barrier=0.00 fallback=0.00 inbox=False contact=- met=True
  cacc h_w=0.5                    disp=0.1394 T_f=149.889 marker=4.007 gap=1.031 gmin=6.473 max|u|=1.078 u_max=0.0000 atU=0.00 pos=0.00 barrier=0.00 fallback=0.00 inbox=False contact=- met=False
  cacc h_w=1.0                    disp=0.2086 T_f=149.959 marker=8.142 gap=2.122 gmin=7.451 max|u|=1.078 u_max=0.0000 atU=0.00 pos=0.00 barrier=0.00 fallback=0.00 inbox=False contact=- met=False
  pid hand-tuned                  disp=0.1047 T_f=149.855 marker=21.815 gap=5.463 gmin=0.037 max|u|=1.078 u_max=0.0121 atU=0.00 pos=2.25 barrier=89.18 fallback=0.00 inbox=False contact=- met=False
  mpc                             disp=0.6340 T_f=150.803 marker=0.077 gap=0.019 gmin=5.481 max|u|=0.920 u_max=0.0200 atU=3.20 pos=3.30 barrier=0.00 fallback=0.00 inbox=None contact=- met=True
  without feedback, filter off    disp=n.d. T_f=n.d. marker=n.d. gap=n.d. gmin=-1.000 max|u|=0.728 u_max=0.0000 atU=0.00 pos=0.00 barrier=0.00 fallback=0.00 inbox=None contact=99.697 met=False
  unshaped reference, filter off  disp=0.0849 T_f=149.835 marker=0.322 gap=0.163 gmin=5.516 max|u|=1.011 u_max=0.0200 atU=33.02 pos=33.90 barrier=0.00 fallback=0.00 inbox=False contact=- met=True
  cacc h_w=0.5, filter off        disp=0.1394 T_f=149.889 marker=4.007 gap=1.031 gmin=6.473 max|u|=1.078 u_max=0.0000 atU=0.00 pos=0.00 barrier=0.00 fallback=0.00 inbox=False contact=- met=False
  pid hand-tuned, filter off      disp=n.d. T_f=n.d. marker=n.d. gap=n.d. gmin=-1.000 max|u|=1.078 u_max=0.0121 atU=0.00 pos=2.25 barrier=0.00 fallback=0.00 inbox=None contact=64.997 met=False
    certificates: 24 jobs on 10 workers in 13 s
  certificate design_benchmark                             admitted True, failed []  (C7a slack 0.013, NONPOS slack -0.007002)
  certificate design_reference_doubled_takeover            admitted False, failed ['C0a', 'C3', 'C7a', 'C8b', 'C8c', 'C9a', 'C9b'] [C0a slack -1.206 at None; C3 slack -inf at None; C7a slack -0.05975 at {'unit': 5, 't': 4.49}; C8b slack -3.012 at None; C8c slack -1.859 at None; C9a slack -1.744 at None; C9b slack -1.659 at None] (C7a slack -0.05975, NONPOS slack -0.07975)
  certificate unshaped_benchmark                           admitted False, failed ['C7a'] [C7a slack -0.6348 at {'unit': 5, 't': 1.08}] (C7a slack -0.6348, NONPOS slack -0.6548)
  certificate unshaped_doubled_takeover                    admitted False, failed ['C7a', 'C8b', 'C8c', 'C9a', 'C9b'] [C7a slack -0.5694 at {'unit': 5, 't': 2.88}; C8b slack -2.553 at None; C8c slack -1.392 at None; C9a slack -1.278 at None; C9b slack -1.211 at None] (C7a slack -0.5694, NONPOS slack -0.5894)
  certificate unshaped, benchmark, lam=0.050               admitted False, failed ['C3', 'C7a'] [C3 slack -inf at None; C7a slack -0.3424 at {'unit': 5, 't': 1.1400000000000001}] (C7a slack -0.3424, NONPOS slack -0.3624)
  certificate unshaped, benchmark, lam=0.060               admitted False, failed ['C3', 'C7a'] [C3 slack -inf at None; C7a slack -0.5288 at {'unit': 5, 't': 1.1}] (C7a slack -0.5288, NONPOS slack -0.5488)
  certificate unshaped, benchmark, lam=0.065               admitted False, failed ['C7a'] [C7a slack -0.6348 at {'unit': 5, 't': 1.08}] (C7a slack -0.6348, NONPOS slack -0.6548)
  certificate unshaped, benchmark, lam=0.070               admitted False, failed ['C7a'] [C7a slack -0.7499 at {'unit': 5, 't': 1.05}] (C7a slack -0.7499, NONPOS slack -0.7699)
  certificate unshaped, benchmark, lam=0.080               admitted False, failed ['C7a'] [C7a slack -1.006 at {'unit': 5, 't': 1.0}] (C7a slack -1.006, NONPOS slack -1.026)
  certificate unshaped, benchmark, lam=0.090               admitted False, failed ['C7a', 'C8b'] [C7a slack -1.3 at {'unit': 5, 't': 0.9400000000000001}; C8b slack -0.3995 at None] (C7a slack -1.3, NONPOS slack -1.32)
  certificate unshaped, benchmark, lam=0.100               admitted False, failed ['C7a', 'C7c_pre_lo', 'C8b'] [C7a slack -1.631 at {'unit': 5, 't': 0.88}; C7c_pre_lo slack -0.1989 at None; C8b slack -0.895 at None] (C7a slack -1.631, NONPOS slack -1.651)
  certificate unshaped, benchmark, lam=0.110               admitted False, failed ['C7a', 'C7c_pre_lo', 'C8b'] [C7a slack -1.995 at {'unit': 5, 't': 0.81}; C7c_pre_lo slack -0.4784 at None; C8b slack -1.417 at None] (C7a slack -1.995, NONPOS slack -2.015)
  certificate unshaped, benchmark, lam=0.120               admitted False, failed ['C7a', 'C7c_pre_lo', 'C8b'] [C7a slack -2.399 at {'unit': 5, 't': 0.73}; C7c_pre_lo slack -0.7847 at None; C8b slack -1.967 at None] (C7a slack -2.399, NONPOS slack -2.419)
  certificate unshaped, benchmark, lam=0.130               admitted False, failed ['C1', 'C7a', 'C7c_pre_lo', 'C8b'] [C1 slack -0.0006841 at None; C7a slack -2.844 at {'unit': 5, 't': 0.64}; C7c_pre_lo slack -1.118 at None; C8b slack -2.545 at None] (C7a slack -2.844, NONPOS slack -2.864)
  certificate unshaped, benchmark, lam=0.140               admitted False, failed ['C1', 'C7a', 'C7c_pre_lo', 'C8b'] [C1 slack -0.001782 at None; C7a slack -3.331 at {'unit': 5, 't': 0.55}; C7c_pre_lo slack -1.478 at None; C8b slack -3.154 at None] (C7a slack -3.331, NONPOS slack -3.351)
  certificate unshaped, benchmark, lam=0.150               admitted False, failed ['C1', 'C7a', 'C7c_pre_lo', 'C8b', 'C8c', 'C9a', 'C9b'] [C1 slack -0.002964 at None; C7a slack -3.866 at {'unit': 5, 't': 0.45}; C7c_pre_lo slack -1.865 at None; C8b slack -3.794 at None; C8c slack -0.1145 at None; C9a slack -0.03983 at None; C9b slack -0.03983 at None] (C7a slack -3.866, NONPOS slack -3.886)
  certificate unshaped, benchmark, lam=0.160               admitted False, failed ['C1', 'C7a', 'C7c_pre_lo', 'C8b', 'C8c', 'C9a', 'C9b'] [C1 slack -0.004231 at None; C7a slack -4.426 at {'unit': 5, 't': 0.34}; C7c_pre_lo slack -2.28 at None; C8b slack -4.466 at None; C8c slack -0.4569 at None; C9a slack -0.363 at None; C9b slack -0.363 at None] (C7a slack -4.426, NONPOS slack -4.446)
  certificate unshaped, benchmark, lam=0.170               admitted False, failed ['C1', 'C7a', 'C7c_pre_lo', 'C8b', 'C8c', 'C9a', 'C9b'] [C1 slack -0.005583 at None; C7a slack -5.012 at {'unit': 5, 't': 0.23}; C7c_pre_lo slack -2.721 at None; C8b slack -5.173 at None; C8c slack -0.8232 at None; C9a slack -0.7067 at None; C9b slack -0.7067 at None] (C7a slack -5.012, NONPOS slack -5.032)
  certificate unshaped, benchmark, lam=0.180               admitted False, failed ['C1', 'C2', 'C7a', 'C7b', 'C7c_pre_lo', 'C8b', 'C8c', 'C9a', 'C9b'] [C1 slack -0.00702 at None; C2 slack -0.002787 at None; C7a slack -5.633 at {'unit': 5, 't': 0.18}; C7b slack -0.06064 at {'unit': 5, 't': 0.18}; C7c_pre_lo slack -3.19 at None; C8b slack -5.916 at None; C8c slack -1.214 at None; C9a slack -1.072 at None; C9b slack -1.072 at None] (C7a slack -5.633, NONPOS slack -5.653)
  certificate unshaped, benchmark, lam=0.190               admitted False, failed ['C1', 'C2', 'C7a', 'C7b', 'C7c_pre_lo', 'C8b', 'C8c', 'C9a', 'C9b'] [C1 slack -0.008544 at None; C2 slack -0.02524 at None; C7a slack -6.641 at {'unit': 5, 't': 0.16}; C7b slack -0.162 at {'unit': 5, 't': 0.16}; C7c_pre_lo slack -3.686 at None; C8b slack -6.697 at None; C8c slack -1.632 at None; C9a slack -1.461 at None; C9b slack -1.461 at None] (C7a slack -6.641, NONPOS slack -6.661)
  certificate unshaped, benchmark, lam=0.200               admitted False, failed ['C1', 'C2', 'C7a', 'C7b', 'C7c_pre_lo', 'C8b', 'C8c', 'C9a', 'C9b'] [C1 slack -0.01015 at None; C2 slack -0.04893 at None; C7a slack -7.335 at {'unit': 5, 't': 0.15}; C7b slack -0.2696 at {'unit': 5, 't': 0.15}; C7c_pre_lo slack -4.21 at None; C8b slack -7.518 at None; C8c slack -2.077 at None; C9a slack -1.875 at None; C9b slack -1.875 at None] (C7a slack -7.335, NONPOS slack -7.355)
  certificate unshaped, benchmark, lam=0.250               admitted False, failed ['C1', 'C2', 'C7a', 'C7b', 'C7c_pre_lo', 'C8b', 'C8c', 'C9a', 'C9b'] [C1 slack -0.01955 at None; C2 slack -0.1863 at None; C7a slack -11.35 at {'unit': 5, 't': 0.15}; C7b slack -0.9048 at {'unit': 5, 't': 0.15}; C7c_pre_lo slack -7.248 at None; C8b slack -12.29 at None; C8c slack -4.769 at None; C9a slack -4.372 at None; C9b slack -4.372 at None] (C7a slack -11.35, NONPOS slack -11.37)
  certificate unshaped, benchmark, lam=0.300               admitted False, failed ['C1', 'C2', 'C7a', 'C7b', 'C7c_pre_lo', 'C8b', 'C8c', 'C9a', 'C9b'] [C1 slack -0.03131 at None; C2 slack -0.3559 at None; C7a slack -16.29 at {'unit': 5, 't': 0.15}; C7b slack -1.71 at {'unit': 5, 't': 0.15}; C7c_pre_lo slack -11 at None; C8b slack -18.43 at None; C8c slack -8.418 at None; C9a slack -7.768 at None; C9b slack -7.768 at None] (C7a slack -16.29, NONPOS slack -16.31)
  certificate unshaped, benchmark, lam=0.400               admitted False, failed ['C1', 'C2', 'C4', 'C7a', 'C7b', 'C7c_pre_lo', 'C7c_pre_up', 'C8b', 'C8c', 'C9a', 'C9b'] [C1 slack -0.06297 at None; C2 slack -0.7975 at None; C4 slack -0.1019 at {'unit': 5, 't': 148.74}; C7a slack -28.99 at {'unit': 5, 't': 0.15}; C7b slack -3.875 at {'unit': 5, 't': 0.15}; C7c_pre_lo slack -20.77 at None; C7c_pre_up slack -0.007672 at None; C8b slack -36.63 at None; C8c slack -19.87 at None; C9a slack -18.54 at None; C9b slack -18.54 at None] (C7a slack -28.99, NONPOS slack -29.01)
  certificate unshaped, benchmark, lam=0.500               admitted False, failed ['C1', 'C2', 'C4', 'C7a', 'C7b', 'C7c_brk_lo', 'C7c_pre_lo', 'C7c_pre_up', 'C8b', 'C8c', 'C9a', 'C9b'] [C1 slack -0.1088 at None; C2 slack -1.392 at None; C4 slack -0.7498 at {'unit': 5, 't': 148.74}; C7a slack -45.52 at {'unit': 5, 't': 0.15}; C7b slack -6.865 at {'unit': 5, 't': 0.15}; C7c_brk_lo slack -0.06401 at None; C7c_pre_lo slack -33.92 at None; C7c_pre_up slack -0.05941 at None; C8b slack -67.42 at None; C8c slack -39.98 at None; C9a slack -37.73 at None; C9b slack -37.73 at None] (C7a slack -45.52, NONPOS slack -45.54)
  previous round (benchmark, stored schedules, reference only): disp=0.0560 T_f=87.199 marker=0.061 gap=0.016 gmin=3.984 atU=0.00 barrier=0.00 met=True
  previous round (doubled, stored schedules, reference only): disp=0.0560 T_f=87.199 marker=0.061 gap=0.016 gmin=3.984 atU=0.00 barrier=0.00 met=True
  design record unchanged at the end: True; part run time 20.8 s
  -> data/new_d19/fbref/studies/base.json (325.7 kB)
