=== part plant ===
    mpc perturbed plant: 20 jobs on 10 workers in 14 s
  proposed, default                            joint  0/20 disp med/max 0.152/0.327 marker 4.65 gap 4.15 gmin 4.05 atU med/max 36.7/75.4 s barrier 0 contacts 0 stopped 20 (pass d/m/g 20/11/0)
  feedback retuned lam=0.50, default           joint 20/20 disp med/max 0.376/0.421 marker 1.39 gap 0.16 gmin 5.34 atU med/max 102.1/104.7 s barrier 0 contacts 0 stopped 20 (pass d/m/g 20/20/20)
  unshaped reference retuned lam=0.50, default joint 20/20 disp med/max 0.365/0.406 marker 1.29 gap 0.15 gmin 5.35 atU med/max 78.9/82.9 s barrier 0 contacts 0 stopped 20 (pass d/m/g 20/20/20)
  cacc h_w=0.2 retuned lam=0.50, default       joint 20/20 disp med/max 0.412/0.450 marker 0.92 gap 0.16 gmin 5.54 atU med/max 42.9/64.4 s barrier 0 contacts 0 stopped 20 (pass d/m/g 20/20/20)
  cacc h_w=0.5 retuned lam=0.40, default       joint 20/20 disp med/max 0.408/0.439 marker 0.99 gap 0.52 gmin 5.89 atU med/max 34.4/57.7 s barrier 0 contacts 0 stopped 20 (pass d/m/g 20/20/20)
  cacc h_w=1.0 retuned lam=0.50, default       joint  0/20 disp med/max 0.644/0.660 marker 3.12 gap 1.06 gmin 6.42 atU med/max 41.0/61.8 s barrier 0 contacts 0 stopped 20 (pass d/m/g 20/0/0)
  pid retuned, default                         joint 20/20 disp med/max 0.214/0.237 marker 0.74 gap 0.79 gmin 4.86 atU med/max 4.7/30.0 s barrier 0 contacts 0 stopped 20 (pass d/m/g 20/20/20)
  proposed, compensated                        joint 20/20 disp med/max 0.146/0.211 marker 1.01 gap 0.96 gmin 5.46 atU med/max 30.8/58.4 s barrier 0 contacts 0 stopped 20 (pass d/m/g 20/20/20)
  feedback retuned lam=0.50, compensated       joint 20/20 disp med/max 0.372/0.417 marker 1.42 gap 0.15 gmin 4.68 atU med/max 86.6/88.4 s barrier 0 contacts 0 stopped 20 (pass d/m/g 20/20/20)
  unshaped reference retuned lam=0.50, compensated joint 20/20 disp med/max 0.359/0.407 marker 1.32 gap 0.14 gmin 5.36 atU med/max 64.7/67.6 s barrier 0 contacts 0 stopped 20 (pass d/m/g 20/20/20)
  cacc h_w=0.2 retuned lam=0.50, compensated   joint 20/20 disp med/max 0.407/0.452 marker 0.95 gap 0.13 gmin 4.04 atU med/max 54.2/59.7 s barrier 0 contacts 0 stopped 20 (pass d/m/g 20/20/20)
  cacc h_w=0.5 retuned lam=0.40, compensated   joint 20/20 disp med/max 0.407/0.440 marker 0.95 gap 0.48 gmin 5.92 atU med/max 28.2/48.3 s barrier 0 contacts 0 stopped 20 (pass d/m/g 20/20/20)
  cacc h_w=1.0 retuned lam=0.50, compensated   joint  0/20 disp med/max 0.645/0.665 marker 3.08 gap 1.04 gmin 6.42 atU med/max 33.8/51.6 s barrier 0 contacts 0 stopped 20 (pass d/m/g 20/5/0)
  pid retuned, compensated                     joint 20/20 disp med/max 0.211/0.235 marker 1.08 gap 0.13 gmin 5.45 atU med/max 4.3/24.2 s barrier 0 contacts 0 stopped 20 (pass d/m/g 20/20/20)
  proposed, ideal actuator, default            joint  0/20 disp med/max 0.143/0.220 marker 2.98 gap 2.58 gmin 4.05 atU med/max 31.5/61.2 s barrier 0 contacts 0 stopped 20 (pass d/m/g 20/20/0)
  proposed, ideal actuator, compensated        joint 20/20 disp med/max 0.139/0.181 marker 0.79 gap 0.48 gmin 5.46 atU med/max 27.0/47.9 s barrier 0 contacts 0 stopped 20 (pass d/m/g 20/20/20)
  proposed, lag 0.5, default                   joint  0/20 disp med/max 0.153/0.324 marker 4.38 gap 3.93 gmin 4.06 atU med/max 37.0/74.0 s barrier 0 contacts 0 stopped 20 (pass d/m/g 20/11/0)
  proposed, lag 0.5, compensated               joint 20/20 disp med/max 0.147/0.225 marker 1.13 gap 0.91 gmin 5.47 atU med/max 30.9/57.4 s barrier 0 contacts 0 stopped 20 (pass d/m/g 20/20/20)
  proposed, lag 1.0, default                   joint  0/20 disp med/max 0.172/0.726 marker 11.16 gap 9.72 gmin 4.06 atU med/max 44.0/94.0 s barrier 0 contacts 0 stopped 20 (pass d/m/g 20/11/0)
  proposed, lag 1.0, compensated               joint 11/20 disp med/max 0.160/0.367 marker 2.27 gap 2.49 gmin 5.47 atU med/max 35.7/72.4 s barrier 0 contacts 0 stopped 20 (pass d/m/g 20/20/11)
  proposed, no grade, default                  joint 11/20 disp med/max 0.150/0.296 marker 3.42 gap 2.05 gmin 5.47 atU med/max 34.6/71.6 s barrier 0 contacts 0 stopped 20 (pass d/m/g 20/11/11)
  proposed, no grade, compensated              joint 20/20 disp med/max 0.146/0.221 marker 1.01 gap 0.96 gmin 5.46 atU med/max 30.6/58.5 s barrier 0 contacts 0 stopped 20 (pass d/m/g 20/20/20)
  proposed, no resistance, default             joint  0/20 disp med/max 0.146/0.217 marker 1.72 gap 2.52 gmin 4.05 atU med/max 30.6/60.0 s barrier 0 contacts 0 stopped 20 (pass d/m/g 20/20/0)
  proposed, no resistance, compensated         joint 20/20 disp med/max 0.145/0.207 marker 1.02 gap 0.87 gmin 5.46 atU med/max 29.6/56.9 s barrier 0 contacts 0 stopped 20 (pass d/m/g 20/20/20)
  mpc (selected weights), default              joint 20/20 disp med/max 0.437/0.516 marker 0.19 gap 0.06 gmin 5.42 atU med/max 18.7/24.3 s barrier 0 contacts 0 stopped 20 (pass d/m/g 20/20/20)
  design record unchanged at the end: True; part run time 25.4 s
  -> data/new_d19/fbref/studies/plant.json (945.1 kB)
