=== part check ===
  T3 nofilter      vs proposed (benchmark takeover): 87 fields, 0 different []
  T3 feedback      vs proposed (benchmark takeover): 87 fields, 0 different []
  T3 feedback_step vs proposed (benchmark takeover): 87 fields, 0 different []
  T3 proposed (benchmark takeover): barrier 0.000 s, fallback 0.000 s, smallest inactivity margin u_cbf - u_nom 5.4833 m/s^2
  T3 nofilter      vs proposed (doubled increments): 87 fields, 0 different []
  T3 feedback      vs proposed (doubled increments): 87 fields, 0 different []
  T3 feedback_step vs proposed (doubled increments): 87 fields, 0 different []
  T3 proposed (doubled increments): barrier 0.000 s, fallback 0.000 s, smallest inactivity margin u_cbf - u_nom 5.4856 m/s^2
  T4 perturbed plant feedback default     seeds 1-3: max stop 2.8e-14 s, marker 1.7e-13 m, gap 1.7e-13 m -> True
  T4 perturbed plant feedback compensated seeds 1-3: max stop 2.8e-14 s, marker 1.1e-13 m, gap 1.1e-13 m -> True
  T4 ideal feedback before the first RULE/stop (149.750 s): |ds| 6.3e-12 m |dv| 1.7e-13 m/s -> True; terminal (RULE convention differs): stop 3.7e-06 s, marker 6.6e-08 m
  T4 loss feedback 28 runs: max |ds| 8.0e-12 m |dv| 4.0e-12 m/s before the first RULE/stop/contact; contact outcome equal in 28; max |contact instant diff| 8.3e-06 s -> True
  T4 perturbed plant cacc     default     seeds 1-3: max stop 2.8e-14 s, marker 1.7e-13 m, gap 1.7e-13 m -> True
  T4 perturbed plant cacc     compensated seeds 1-3: max stop 2.8e-14 s, marker 1.7e-13 m, gap 1.7e-13 m -> True
  T4 ideal cacc     before the first RULE/stop (149.750 s): |ds| 6.1e-12 m |dv| 1.3e-13 m/s -> True; terminal (RULE convention differs): stop 3.3e-07 s, marker 1.1e-08 m
  T4 loss cacc     28 runs: max |ds| 1.2e-11 m |dv| 3.4e-12 m/s before the first RULE/stop/contact; contact outcome equal in 28; max |contact instant diff| 1.2e-04 s -> True
  T5 certificate (lam 0.065, dbar 0.02, U 0.02): admitted True, failed [] (2.1 s)
  T5 dispersion [s]                                     observed 0.0715807     <= 0.106564      inside True
  T5 completion T_f [s]                                 observed 149.822       <= 149.864       inside True
  T5 |marker error| unit 1 [m]                          observed 0.000130928   <= 0.0550125     inside True
  T5 |marker error| unit 2 [m]                          observed 0.0107281     <= 0.244677      inside True
  T5 |marker error| unit 3 [m]                          observed 0.0222783     <= 0.436409      inside True
  T5 |marker error| unit 4 [m]                          observed 0.034764      <= 0.63071       inside True
  T5 |marker error| unit 5 [m]                          observed 0.0484801     <= 0.828091      inside True
  T5 |terminal gap error| pair 2 [m]                    observed 0.0108591     <= 0.189664      inside True
  T5 smallest clearance margin pair 2 [m]               observed 5.51086       >= 4.42442       inside True
  T5 |terminal gap error| pair 3 [m]                    observed 0.0115502     <= 0.191732      inside True
  T5 smallest clearance margin pair 3 [m]               observed 5.51155       >= 3.86609       inside True
  T5 |terminal gap error| pair 4 [m]                    observed 0.0124857     <= 0.1943        inside True
  T5 smallest clearance margin pair 4 [m]               observed 5.51249       >= 2.97351       inside True
  T5 |terminal gap error| pair 5 [m]                    observed 0.0137161     <= 0.197381      inside True
  T5 smallest clearance margin pair 5 [m]               observed 5.51372       >= 1.60592       inside True
  T5 activation of unit 1 [s]                           observed 0             <= 0             inside True
  T5 S2 switch of unit 1 [s]                            observed 0.015         <= 0.0581429     inside True
  T5 largest command before T_xi, unit 1                observed -0.0299052    <= -0.0299043    inside True
  T5 smallest command before T_xi, unit 1               observed -1.078        >= -1.07995      inside True
  T5 activation of unit 2 [s]                           observed 0.034         <= 0.0781429     inside True
  T5 S2 switch of unit 2 [s]                            observed 0.26          <= 0.389543      inside True
  T5 largest command before T_xi, unit 2                observed 0             <= 0             inside True
  T5 smallest command before T_xi, unit 2               observed -1.07992      >= -1.10482      inside True
  T5 activation of unit 3 [s]                           observed 0.279         <= 0.409543      inside True
  T5 S2 switch of unit 3 [s]                            observed 0.61          <= 0.899525      inside True
  T5 largest command before T_xi, unit 3                observed 0             <= 0             inside True
  T5 smallest command before T_xi, unit 3               observed -1.07992      >= -1.1303       inside True
  T5 activation of unit 4 [s]                           observed 0.629         <= 0.919525      inside True
  T5 S2 switch of unit 4 [s]                            observed 1.122         <= 1.64535       inside True
  T5 largest command before T_xi, unit 4                observed 0             <= 0             inside True
  T5 smallest command before T_xi, unit 4               observed -1.07992      >= -1.15638      inside True
  T5 activation of unit 5 [s]                           observed 1.141         <= 1.66535       inside True
  T5 S2 switch of unit 5 [s]                            observed 1.827         <= 2.65579       inside True
  T5 largest command before T_xi, unit 5                observed 0             <= 0.00700173    inside True
  T5 smallest command before T_xi, unit 5               observed -1.07992      >= -1.18308      inside True
  T5 |e_i(T_xi)| unit 1 [m] (handoff box)               observed 0.00013903    <= 0.05          inside True
  T5 |eps_i(T_xi)| unit 1 [m/s] (handoff box)           observed 8.10182e-06   <= 0.005         inside True
  T5 entry into the handoff box, unit 1 [s]             observed 36.664        <= 37.153        inside True
  T5 |e_i(T_xi)| unit 2 [m] (handoff box)               observed 0.0298437     <= 0.05          inside True
  T5 |eps_i(T_xi)| unit 2 [m/s] (handoff box)           observed 0.00175751    <= 0.005         inside True
  T5 entry into the handoff box, unit 2 [s]             observed 139.962       <= 140.279       inside True
  T5 |e_i(T_xi)| unit 3 [m] (handoff box)               observed 0.0306266     <= 0.05          inside True
  T5 |eps_i(T_xi)| unit 3 [m/s] (handoff box)           observed 0.00179829    <= 0.005         inside True
  T5 entry into the handoff box, unit 3 [s]             observed 140.381       <= 141.989       inside True
  T5 |e_i(T_xi)| unit 4 [m] (handoff box)               observed 0.0316714     <= 0.05          inside True
  T5 |eps_i(T_xi)| unit 4 [m/s] (handoff box)           observed 0.00185421    <= 0.005         inside True
  T5 entry into the handoff box, unit 4 [s]             observed 140.933       <= 144.039       inside True
  T5 |e_i(T_xi)| unit 5 [m] (handoff box)               observed 0.0330328     <= 0.05          inside True
  T5 |eps_i(T_xi)| unit 5 [m/s] (handoff box)           observed 0.00192837    <= 0.005         inside True
  T5 entry into the handoff box, unit 5 [s]             observed 141.635       <= 146.496       inside True
  T5 smallest speed before T_xi (unit 1) [m/s]          observed 1.00002       >= 0.970954      inside True
  T5 largest command post-receipt, unit 1               observed -1            <= -0.999139     inside True
  T5 smallest command post-receipt, unit 1              observed -1            >= -1.00086      inside True
  T5 largest command pre-receipt, unit 2                observed -0.0300549    <= -0.0281893    inside True
  T5 smallest command pre-receipt, unit 2               observed -0.0323229    >= -0.0342388    inside True
  T5 largest command post-receipt, unit 2               observed -1            <= -0.994983     inside True
  T5 smallest command post-receipt, unit 2              observed -1.0025       >= -1.00502      inside True
  T5 largest command pre-receipt, unit 3                observed -0.0301594    <= -0.0272262    inside True
  T5 smallest command pre-receipt, unit 3               observed -0.034701     >= -0.037724     inside True
  T5 largest command post-receipt, unit 3               observed -1            <= -0.990771     inside True
  T5 smallest command post-receipt, unit 3              observed -1.005        >= -1.00923      inside True
  T5 largest command pre-receipt, unit 4                observed -0.0302665    <= -0.0261907    inside True
  T5 smallest command pre-receipt, unit 4               observed -0.0370877    >= -0.0412817    inside True
  T5 largest command post-receipt, unit 4               observed -1            <= -0.98649      inside True
  T5 smallest command post-receipt, unit 4              observed -1.00751      >= -1.01351      inside True
  T5 largest command pre-receipt, unit 5                observed -0.0303774    <= -0.0250703    inside True
  T5 smallest command pre-receipt, unit 5               observed -0.0394841    >= -0.0449242    inside True
  T5 largest command post-receipt, unit 5               observed -1            <= -0.982126     inside True
  T5 smallest command post-receipt, unit 5              observed -1.01004      >= -1.01787      inside True
  check: T3 True, T4 True; T5 69 of 69 inside (certificate admitted True)
  design record unchanged at the end: True; part run time 16.1 s
  -> data/new_d19/fbref/studies/check.json (77.5 kB)
=== part base ===
  MPC weights {'w_e': 3.0, 'w_v': 0.1, 'w_du': 10.0} planner {'tau_c': 5.0, 'dv_max': 1.0} from data/new_d19/caseD/studies/mpc.json (tuned with the input set [-1.2, 0.0]; not retuned); takeover positions substituted: initial clearances of sim_bench.setup [6.5, 6.5, 6.5, 6.5] -> [50.0, 50.0, 50.0, 50.0]
  unshaped reference: rate 9449999/148750000 = 0.063529405 m/s^2, v_r(T_xi) 1000001/1000000 (design 1000001/1000000, equal True); planned distance to T_xi 851.594 m (design 502.620 m); reference stop 852.094 m (design 503.120 m)
    mpc: 2 jobs on 2 workers in 7 s
  -- takeover: benchmark [10.47, 10.55, 10.67, 10.85, 11.1]
  proposed                        disp=0.0716 T_f=149.822 marker=0.048 gap=0.014 gmin=5.511 max|u|=1.080 u_max=0.0000 atU=0.00 pos=0.00 barrier=0.00 fallback=0.00 inbox=True contact=- met=True
  proposed, filter off            disp=0.0716 T_f=149.822 marker=0.048 gap=0.014 gmin=5.511 max|u|=1.080 u_max=0.0000 atU=0.00 pos=0.00 barrier=0.00 fallback=0.00 inbox=True contact=- met=True
  without feedback                disp=0.7060 T_f=150.476 marker=75.608 gap=31.315 gmin=11.206 max|u|=1.000 u_max=0.0000 atU=0.00 pos=0.00 barrier=0.00 fallback=0.00 inbox=False contact=- met=False
  unshaped reference              disp=0.0851 T_f=149.835 marker=0.326 gap=0.167 gmin=5.515 max|u|=1.011 u_max=0.0200 atU=34.88 pos=35.76 barrier=0.00 fallback=0.00 inbox=False contact=- met=True
  cacc h_w=0.2                    disp=0.0985 T_f=149.848 marker=1.610 gap=0.411 gmin=5.894 max|u|=1.078 u_max=0.0000 atU=0.00 pos=0.00 barrier=0.00 fallback=0.00 inbox=False contact=- met=True
  cacc h_w=0.5                    disp=0.1399 T_f=149.890 marker=4.017 gap=1.035 gmin=6.474 max|u|=1.078 u_max=0.0000 atU=0.00 pos=0.00 barrier=0.00 fallback=0.00 inbox=False contact=- met=False
  cacc h_w=1.0                    disp=0.2093 T_f=149.959 marker=8.157 gap=2.129 gmin=7.453 max|u|=1.078 u_max=0.0000 atU=0.00 pos=0.00 barrier=0.00 fallback=0.00 inbox=False contact=- met=False
  pid hand-tuned                  disp=0.1053 T_f=149.856 marker=21.815 gap=5.463 gmin=0.037 max|u|=1.078 u_max=0.0200 atU=1.77 pos=5.34 barrier=88.23 fallback=0.00 inbox=False contact=- met=False
  mpc                             disp=0.6340 T_f=150.803 marker=0.077 gap=0.019 gmin=5.481 max|u|=0.920 u_max=0.0200 atU=4.30 pos=4.40 barrier=0.00 fallback=0.00 inbox=None contact=- met=True
  without feedback, filter off    disp=0.7060 T_f=150.476 marker=75.608 gap=31.315 gmin=11.206 max|u|=1.000 u_max=0.0000 atU=0.00 pos=0.00 barrier=0.00 fallback=0.00 inbox=False contact=- met=False
  unshaped reference, filter off  disp=0.0851 T_f=149.835 marker=0.326 gap=0.167 gmin=5.515 max|u|=1.011 u_max=0.0200 atU=34.88 pos=35.76 barrier=0.00 fallback=0.00 inbox=False contact=- met=True
  cacc h_w=0.5, filter off        disp=0.1399 T_f=149.890 marker=4.017 gap=1.035 gmin=6.474 max|u|=1.078 u_max=0.0000 atU=0.00 pos=0.00 barrier=0.00 fallback=0.00 inbox=False contact=- met=False
  pid hand-tuned, filter off      disp=n.d. T_f=n.d. marker=n.d. gap=n.d. gmin=-1.000 max|u|=1.078 u_max=0.0200 atU=1.77 pos=5.34 barrier=0.00 fallback=0.00 inbox=None contact=65.930 met=False
  -- takeover: doubled [10.47, 10.63, 10.87, 11.229999999999999, 11.729999999999999]
  proposed                        disp=0.0719 T_f=149.822 marker=0.054 gap=0.016 gmin=5.511 max|u|=1.080 u_max=0.0172 atU=0.00 pos=9.05 barrier=0.00 fallback=0.00 inbox=True contact=- met=True
  proposed, filter off            disp=0.0719 T_f=149.822 marker=0.054 gap=0.016 gmin=5.511 max|u|=1.080 u_max=0.0172 atU=0.00 pos=9.05 barrier=0.00 fallback=0.00 inbox=True contact=- met=True
  without feedback                disp=0.4781 T_f=150.248 marker=23.604 gap=19.322 gmin=0.060 max|u|=1.000 u_max=0.0000 atU=0.00 pos=0.00 barrier=30.57 fallback=0.00 inbox=False contact=- met=False
  unshaped reference              disp=0.0849 T_f=149.835 marker=0.322 gap=0.163 gmin=5.516 max|u|=1.011 u_max=0.0200 atU=33.02 pos=33.90 barrier=0.00 fallback=0.00 inbox=False contact=- met=True
  cacc h_w=0.2                    disp=0.0981 T_f=149.848 marker=1.602 gap=0.408 gmin=5.893 max|u|=1.078 u_max=0.0000 atU=0.00 pos=0.00 barrier=0.00 fallback=0.00 inbox=False contact=- met=True
  cacc h_w=0.5                    disp=0.1394 T_f=149.889 marker=4.007 gap=1.031 gmin=6.473 max|u|=1.078 u_max=0.0000 atU=0.00 pos=0.00 barrier=0.00 fallback=0.00 inbox=False contact=- met=False
  cacc h_w=1.0                    disp=0.2086 T_f=149.959 marker=8.142 gap=2.122 gmin=7.451 max|u|=1.078 u_max=0.0000 atU=0.00 pos=0.00 barrier=0.00 fallback=0.00 inbox=False contact=- met=False
  pid hand-tuned                  disp=0.1047 T_f=149.855 marker=21.815 gap=5.463 gmin=0.037 max|u|=1.078 u_max=0.0121 atU=0.00 pos=2.25 barrier=89.18 fallback=0.00 inbox=False contact=- met=False
  mpc                             disp=0.6340 T_f=150.803 marker=0.077 gap=0.019 gmin=5.481 max|u|=0.920 u_max=0.0200 atU=3.20 pos=3.30 barrier=0.00 fallback=0.00 inbox=None contact=- met=True
  without feedback, filter off    disp=n.d. T_f=n.d. marker=n.d. gap=n.d. gmin=-1.000 max|u|=0.728 u_max=0.0000 atU=0.00 pos=0.00 barrier=0.00 fallback=0.00 inbox=None contact=99.697 met=False
  unshaped reference, filter off  disp=0.0849 T_f=149.835 marker=0.322 gap=0.163 gmin=5.516 max|u|=1.011 u_max=0.0200 atU=33.02 pos=33.90 barrier=0.00 fallback=0.00 inbox=False contact=- met=True
  cacc h_w=0.5, filter off        disp=0.1394 T_f=149.889 marker=4.007 gap=1.031 gmin=6.473 max|u|=1.078 u_max=0.0000 atU=0.00 pos=0.00 barrier=0.00 fallback=0.00 inbox=False contact=- met=False
  pid hand-tuned, filter off      disp=n.d. T_f=n.d. marker=n.d. gap=n.d. gmin=-1.000 max|u|=1.078 u_max=0.0121 atU=0.00 pos=2.25 barrier=0.00 fallback=0.00 inbox=None contact=64.997 met=False
    certificates: 24 jobs on 10 workers in 13 s
  certificate design_benchmark                             admitted True, failed []  (C7a slack 0.013, NONPOS slack -0.007002)
  certificate design_reference_doubled_takeover            admitted False, failed ['C0a', 'C3', 'C7a', 'C8b', 'C8c', 'C9a', 'C9b'] [C0a slack -1.206 at None; C3 slack -inf at None; C7a slack -0.05975 at {'unit': 5, 't': 4.49}; C8b slack -3.012 at None; C8c slack -1.859 at None; C9a slack -1.744 at None; C9b slack -1.659 at None] (C7a slack -0.05975, NONPOS slack -0.07975)
  certificate unshaped_benchmark                           admitted False, failed ['C7a'] [C7a slack -0.6348 at {'unit': 5, 't': 1.08}] (C7a slack -0.6348, NONPOS slack -0.6548)
  certificate unshaped_doubled_takeover                    admitted False, failed ['C7a', 'C8b', 'C8c', 'C9a', 'C9b'] [C7a slack -0.5694 at {'unit': 5, 't': 2.88}; C8b slack -2.553 at None; C8c slack -1.392 at None; C9a slack -1.278 at None; C9b slack -1.211 at None] (C7a slack -0.5694, NONPOS slack -0.5894)
  certificate unshaped, benchmark, lam=0.050               admitted False, failed ['C3', 'C7a'] [C3 slack -inf at None; C7a slack -0.3424 at {'unit': 5, 't': 1.1400000000000001}] (C7a slack -0.3424, NONPOS slack -0.3624)
  certificate unshaped, benchmark, lam=0.060               admitted False, failed ['C3', 'C7a'] [C3 slack -inf at None; C7a slack -0.5288 at {'unit': 5, 't': 1.1}] (C7a slack -0.5288, NONPOS slack -0.5488)
  certificate unshaped, benchmark, lam=0.065               admitted False, failed ['C7a'] [C7a slack -0.6348 at {'unit': 5, 't': 1.08}] (C7a slack -0.6348, NONPOS slack -0.6548)
  certificate unshaped, benchmark, lam=0.070               admitted False, failed ['C7a'] [C7a slack -0.7499 at {'unit': 5, 't': 1.05}] (C7a slack -0.7499, NONPOS slack -0.7699)
  certificate unshaped, benchmark, lam=0.080               admitted False, failed ['C7a'] [C7a slack -1.006 at {'unit': 5, 't': 1.0}] (C7a slack -1.006, NONPOS slack -1.026)
  certificate unshaped, benchmark, lam=0.090               admitted False, failed ['C7a', 'C8b'] [C7a slack -1.3 at {'unit': 5, 't': 0.9400000000000001}; C8b slack -0.3995 at None] (C7a slack -1.3, NONPOS slack -1.32)
  certificate unshaped, benchmark, lam=0.100               admitted False, failed ['C7a', 'C7c_pre_lo', 'C8b'] [C7a slack -1.631 at {'unit': 5, 't': 0.88}; C7c_pre_lo slack -0.1989 at None; C8b slack -0.895 at None] (C7a slack -1.631, NONPOS slack -1.651)
  certificate unshaped, benchmark, lam=0.110               admitted False, failed ['C7a', 'C7c_pre_lo', 'C8b'] [C7a slack -1.995 at {'unit': 5, 't': 0.81}; C7c_pre_lo slack -0.4784 at None; C8b slack -1.417 at None] (C7a slack -1.995, NONPOS slack -2.015)
  certificate unshaped, benchmark, lam=0.120               admitted False, failed ['C7a', 'C7c_pre_lo', 'C8b'] [C7a slack -2.399 at {'unit': 5, 't': 0.73}; C7c_pre_lo slack -0.7847 at None; C8b slack -1.967 at None] (C7a slack -2.399, NONPOS slack -2.419)
  certificate unshaped, benchmark, lam=0.130               admitted False, failed ['C1', 'C7a', 'C7c_pre_lo', 'C8b'] [C1 slack -0.0006841 at None; C7a slack -2.844 at {'unit': 5, 't': 0.64}; C7c_pre_lo slack -1.118 at None; C8b slack -2.545 at None] (C7a slack -2.844, NONPOS slack -2.864)
  certificate unshaped, benchmark, lam=0.140               admitted False, failed ['C1', 'C7a', 'C7c_pre_lo', 'C8b'] [C1 slack -0.001782 at None; C7a slack -3.331 at {'unit': 5, 't': 0.55}; C7c_pre_lo slack -1.478 at None; C8b slack -3.154 at None] (C7a slack -3.331, NONPOS slack -3.351)
  certificate unshaped, benchmark, lam=0.150               admitted False, failed ['C1', 'C7a', 'C7c_pre_lo', 'C8b', 'C8c', 'C9a', 'C9b'] [C1 slack -0.002964 at None; C7a slack -3.866 at {'unit': 5, 't': 0.45}; C7c_pre_lo slack -1.865 at None; C8b slack -3.794 at None; C8c slack -0.1145 at None; C9a slack -0.03983 at None; C9b slack -0.03983 at None] (C7a slack -3.866, NONPOS slack -3.886)
  certificate unshaped, benchmark, lam=0.160               admitted False, failed ['C1', 'C7a', 'C7c_pre_lo', 'C8b', 'C8c', 'C9a', 'C9b'] [C1 slack -0.004231 at None; C7a slack -4.426 at {'unit': 5, 't': 0.34}; C7c_pre_lo slack -2.28 at None; C8b slack -4.466 at None; C8c slack -0.4569 at None; C9a slack -0.363 at None; C9b slack -0.363 at None] (C7a slack -4.426, NONPOS slack -4.446)
  certificate unshaped, benchmark, lam=0.170               admitted False, failed ['C1', 'C7a', 'C7c_pre_lo', 'C8b', 'C8c', 'C9a', 'C9b'] [C1 slack -0.005583 at None; C7a slack -5.012 at {'unit': 5, 't': 0.23}; C7c_pre_lo slack -2.721 at None; C8b slack -5.173 at None; C8c slack -0.8232 at None; C9a slack -0.7067 at None; C9b slack -0.7067 at None] (C7a slack -5.012, NONPOS slack -5.032)
  certificate unshaped, benchmark, lam=0.180               admitted False, failed ['C1', 'C2', 'C7a', 'C7b', 'C7c_pre_lo', 'C8b', 'C8c', 'C9a', 'C9b'] [C1 slack -0.00702 at None; C2 slack -0.002787 at None; C7a slack -5.633 at {'unit': 5, 't': 0.18}; C7b slack -0.06064 at {'unit': 5, 't': 0.18}; C7c_pre_lo slack -3.19 at None; C8b slack -5.916 at None; C8c slack -1.214 at None; C9a slack -1.072 at None; C9b slack -1.072 at None] (C7a slack -5.633, NONPOS slack -5.653)
  certificate unshaped, benchmark, lam=0.190               admitted False, failed ['C1', 'C2', 'C7a', 'C7b', 'C7c_pre_lo', 'C8b', 'C8c', 'C9a', 'C9b'] [C1 slack -0.008544 at None; C2 slack -0.02524 at None; C7a slack -6.641 at {'unit': 5, 't': 0.16}; C7b slack -0.162 at {'unit': 5, 't': 0.16}; C7c_pre_lo slack -3.686 at None; C8b slack -6.697 at None; C8c slack -1.632 at None; C9a slack -1.461 at None; C9b slack -1.461 at None] (C7a slack -6.641, NONPOS slack -6.661)
  certificate unshaped, benchmark, lam=0.200               admitted False, failed ['C1', 'C2', 'C7a', 'C7b', 'C7c_pre_lo', 'C8b', 'C8c', 'C9a', 'C9b'] [C1 slack -0.01015 at None; C2 slack -0.04893 at None; C7a slack -7.335 at {'unit': 5, 't': 0.15}; C7b slack -0.2696 at {'unit': 5, 't': 0.15}; C7c_pre_lo slack -4.21 at None; C8b slack -7.518 at None; C8c slack -2.077 at None; C9a slack -1.875 at None; C9b slack -1.875 at None] (C7a slack -7.335, NONPOS slack -7.355)
  certificate unshaped, benchmark, lam=0.250               admitted False, failed ['C1', 'C2', 'C7a', 'C7b', 'C7c_pre_lo', 'C8b', 'C8c', 'C9a', 'C9b'] [C1 slack -0.01955 at None; C2 slack -0.1863 at None; C7a slack -11.35 at {'unit': 5, 't': 0.15}; C7b slack -0.9048 at {'unit': 5, 't': 0.15}; C7c_pre_lo slack -7.248 at None; C8b slack -12.29 at None; C8c slack -4.769 at None; C9a slack -4.372 at None; C9b slack -4.372 at None] (C7a slack -11.35, NONPOS slack -11.37)
  certificate unshaped, benchmark, lam=0.300               admitted False, failed ['C1', 'C2', 'C7a', 'C7b', 'C7c_pre_lo', 'C8b', 'C8c', 'C9a', 'C9b'] [C1 slack -0.03131 at None; C2 slack -0.3559 at None; C7a slack -16.29 at {'unit': 5, 't': 0.15}; C7b slack -1.71 at {'unit': 5, 't': 0.15}; C7c_pre_lo slack -11 at None; C8b slack -18.43 at None; C8c slack -8.418 at None; C9a slack -7.768 at None; C9b slack -7.768 at None] (C7a slack -16.29, NONPOS slack -16.31)
  certificate unshaped, benchmark, lam=0.400               admitted False, failed ['C1', 'C2', 'C4', 'C7a', 'C7b', 'C7c_pre_lo', 'C7c_pre_up', 'C8b', 'C8c', 'C9a', 'C9b'] [C1 slack -0.06297 at None; C2 slack -0.7975 at None; C4 slack -0.1019 at {'unit': 5, 't': 148.74}; C7a slack -28.99 at {'unit': 5, 't': 0.15}; C7b slack -3.875 at {'unit': 5, 't': 0.15}; C7c_pre_lo slack -20.77 at None; C7c_pre_up slack -0.007672 at None; C8b slack -36.63 at None; C8c slack -19.87 at None; C9a slack -18.54 at None; C9b slack -18.54 at None] (C7a slack -28.99, NONPOS slack -29.01)
  certificate unshaped, benchmark, lam=0.500               admitted False, failed ['C1', 'C2', 'C4', 'C7a', 'C7b', 'C7c_brk_lo', 'C7c_pre_lo', 'C7c_pre_up', 'C8b', 'C8c', 'C9a', 'C9b'] [C1 slack -0.1088 at None; C2 slack -1.392 at None; C4 slack -0.7498 at {'unit': 5, 't': 148.74}; C7a slack -45.52 at {'unit': 5, 't': 0.15}; C7b slack -6.865 at {'unit': 5, 't': 0.15}; C7c_brk_lo slack -0.06401 at None; C7c_pre_lo slack -33.92 at None; C7c_pre_up slack -0.05941 at None; C8b slack -67.42 at None; C8c slack -39.98 at None; C9a slack -37.73 at None; C9b slack -37.73 at None] (C7a slack -45.52, NONPOS slack -45.54)
  previous round (benchmark, stored schedules, reference only): disp=0.0560 T_f=87.199 marker=0.061 gap=0.016 gmin=3.984 atU=0.00 barrier=0.00 met=True
  previous round (doubled, stored schedules, reference only): disp=0.0560 T_f=87.199 marker=0.061 gap=0.016 gmin=3.984 atU=0.00 barrier=0.00 met=True
  design record unchanged at the end: True; part run time 20.8 s
  -> data/new_d19/fbref/studies/base.json (325.7 kB)
=== part retune ===
  feedback             lam=0.05 score [0, 0.600095910258015]     | train disp=0.1058 marker=0.820 gap=0.221 contact=- | held-out disp=0.1045 marker=0.789 gap=0.205 gmin=5.692 atU=0.83 u_max=0.0200 barrier=0.00 contact=- met=True
  feedback             lam=0.06 score [0, 0.18142410505097928]   | train disp=0.0781 marker=0.169 gap=0.047 contact=- | held-out disp=0.0777 marker=0.160 gap=0.043 gmin=5.538 atU=0.00 u_max=0.0008 barrier=0.00 contact=- met=True
  feedback             lam=0.07 score [0, 0.07282380765057421]   | train disp=0.0681 marker=0.006 gap=0.003 contact=- | held-out disp=0.0679 marker=0.009 gap=0.003 gmin=5.497 atU=0.00 u_max=0.0188 barrier=0.00 contact=- met=True
  feedback             lam=0.08 score [0, 0.09393218771852692]   | train disp=0.0641 marker=0.049 gap=0.013 contact=- | held-out disp=0.0640 marker=0.052 gap=0.013 gmin=5.487 atU=7.27 u_max=0.0200 barrier=0.00 contact=- met=True
  feedback             lam=0.09 score [0, 0.09847751464329235]   | train disp=0.0619 marker=0.062 gap=0.016 contact=- | held-out disp=0.0619 marker=0.063 gap=0.016 gmin=5.484 atU=11.11 u_max=0.0200 barrier=0.00 contact=- met=True
  feedback             lam=0.10 score [0, 0.09847748645787154]   | train disp=0.0604 marker=0.065 gap=0.016 contact=- | held-out disp=0.0604 marker=0.065 gap=0.016 gmin=5.484 atU=13.68 u_max=0.0200 barrier=0.00 contact=- met=True
  feedback             lam=0.11 score [0, 0.09729514235021004]   | train disp=0.0591 marker=0.065 gap=0.016 contact=- | held-out disp=0.0591 marker=0.065 gap=0.016 gmin=5.484 atU=15.31 u_max=0.0200 barrier=0.00 contact=- met=True
  feedback             lam=0.12 score [0, 0.09581550815706426]   | train disp=0.0578 marker=0.065 gap=0.016 contact=- | held-out disp=0.0578 marker=0.065 gap=0.016 gmin=5.484 atU=16.56 u_max=0.0200 barrier=0.00 contact=- met=True
  feedback             lam=0.13 score [0, 0.09427282484550877]   | train disp=0.0566 marker=0.065 gap=0.016 contact=- | held-out disp=0.0566 marker=0.065 gap=0.016 gmin=5.484 atU=17.59 u_max=0.0200 barrier=0.00 contact=- met=True
  feedback             lam=0.14 score [0, 0.09273167160237487]   | train disp=0.0554 marker=0.064 gap=0.016 contact=- | held-out disp=0.0554 marker=0.064 gap=0.016 gmin=5.484 atU=18.55 u_max=0.0200 barrier=0.00 contact=- met=True
  feedback             lam=0.15 score [0, 0.09121001303364551]   | train disp=0.0543 marker=0.063 gap=0.016 contact=- | held-out disp=0.0543 marker=0.063 gap=0.016 gmin=5.484 atU=19.45 u_max=0.0200 barrier=0.00 contact=- met=True
  feedback             lam=0.16 score [0, 0.08970595202436964]   | train disp=0.0531 marker=0.063 gap=0.016 contact=- | held-out disp=0.0531 marker=0.063 gap=0.016 gmin=5.484 atU=20.24 u_max=0.0200 barrier=0.00 contact=- met=True
  feedback             lam=0.17 score [0, 0.08822180939050857]   | train disp=0.0520 marker=0.062 gap=0.016 contact=- | held-out disp=0.0520 marker=0.062 gap=0.016 gmin=5.484 atU=20.94 u_max=0.0200 barrier=0.00 contact=- met=True
  feedback             lam=0.18 score [0, 0.08675836599879479]   | train disp=0.0509 marker=0.061 gap=0.015 contact=- | held-out disp=0.0509 marker=0.061 gap=0.015 gmin=5.485 atU=21.57 u_max=0.0200 barrier=0.00 contact=- met=True
  feedback             lam=0.19 score [0, 0.0853156386748329]    | train disp=0.0498 marker=0.061 gap=0.015 contact=- | held-out disp=0.0498 marker=0.061 gap=0.015 gmin=5.485 atU=22.13 u_max=0.0200 barrier=0.00 contact=- met=True
  feedback             lam=0.20 score [0, 0.08389341115298521]   | train disp=0.0487 marker=0.060 gap=0.015 contact=- | held-out disp=0.0487 marker=0.060 gap=0.015 gmin=5.485 atU=22.64 u_max=0.0200 barrier=0.00 contact=- met=True
  feedback             lam=0.25 score [0, 0.07707934540817026]   | train disp=0.0436 marker=0.057 gap=0.014 contact=- | held-out disp=0.0436 marker=0.057 gap=0.014 gmin=5.486 atU=24.57 u_max=0.0200 barrier=0.00 contact=- met=True
  feedback             lam=0.30 score [0, 0.0707332539078891]    | train disp=0.0388 marker=0.055 gap=0.014 contact=- | held-out disp=0.0388 marker=0.055 gap=0.014 gmin=5.486 atU=25.87 u_max=0.0200 barrier=0.00 contact=- met=True
  feedback             lam=0.40 score [0, 0.05931124900286022]   | train disp=0.0303 marker=0.050 gap=0.012 contact=- | held-out disp=0.0303 marker=0.050 gap=0.012 gmin=5.488 atU=27.50 u_max=0.0200 barrier=0.00 contact=- met=True
  feedback             lam=0.50 score [0, 0.049390614576149496]  | train disp=0.0231 marker=0.045 gap=0.011 contact=- | held-out disp=0.0231 marker=0.045 gap=0.011 gmin=5.489 atU=28.49 u_max=0.0200 barrier=0.00 contact=- met=True
  feedback             selected lam=0.50 score [0, 0.049390614576149496]; held-out disp=0.0231 marker=0.045 gap=0.011 atU=28.49 barrier=0.00 met=True; design lam=0.065 score [0, 0.10601250200125871] held-out met True; training without violation: [0.05, 0.06, 0.07, 0.08, 0.09, 0.1, 0.11, 0.12, 0.13, 0.14, 0.15, 0.16, 0.17, 0.18, 0.19, 0.2, 0.25, 0.3, 0.4, 0.5]; held-out met: [0.05, 0.06, 0.07, 0.08, 0.09, 0.1, 0.11, 0.12, 0.13, 0.14, 0.15, 0.16, 0.17, 0.18, 0.19, 0.2, 0.25, 0.3, 0.4, 0.5]
  unshaped reference   lam=0.05 score [0, 1.229988005155036]     | train disp=0.1324 marker=1.501 gap=0.597 contact=- | held-out disp=0.1330 marker=1.514 gap=0.612 gmin=5.693 atU=28.02 u_max=0.0200 barrier=0.00 contact=- met=True
  unshaped reference   lam=0.06 score [0, 0.5323136561453813]    | train disp=0.0957 marker=0.549 gap=0.254 contact=- | held-out disp=0.0960 marker=0.555 gap=0.260 gmin=5.543 atU=32.92 u_max=0.0200 barrier=0.00 contact=- met=True
  unshaped reference   lam=0.07 score [0, 0.23942689895958816]   | train disp=0.0772 marker=0.180 gap=0.102 contact=- | held-out disp=0.0774 marker=0.183 gap=0.105 gmin=5.501 atU=36.60 u_max=0.0200 barrier=0.00 contact=- met=True
  unshaped reference   lam=0.08 score [0, 0.11480775410955364]   | train disp=0.0678 marker=0.034 gap=0.036 contact=- | held-out disp=0.0679 marker=0.035 gap=0.037 gmin=5.489 atU=39.46 u_max=0.0200 barrier=0.00 contact=- met=True
  unshaped reference   lam=0.09 score [0, 0.08764463323019338]   | train disp=0.0627 marker=0.031 gap=0.015 contact=- | held-out disp=0.0627 marker=0.031 gap=0.015 gmin=5.485 atU=41.74 u_max=0.0200 barrier=0.00 contact=- met=True
  unshaped reference   lam=0.10 score [0, 0.09114756208849902]   | train disp=0.0597 marker=0.048 gap=0.016 contact=- | held-out disp=0.0597 marker=0.047 gap=0.016 gmin=5.484 atU=43.61 u_max=0.0200 barrier=0.00 contact=- met=True
  unshaped reference   lam=0.11 score [0, 0.0923451243052682]    | train disp=0.0577 marker=0.057 gap=0.016 contact=- | held-out disp=0.0577 marker=0.057 gap=0.016 gmin=5.484 atU=45.16 u_max=0.0200 barrier=0.00 contact=- met=True
  unshaped reference   lam=0.12 score [0, 0.09186486880952316]   | train disp=0.0561 marker=0.060 gap=0.016 contact=- | held-out disp=0.0561 marker=0.060 gap=0.016 gmin=5.484 atU=46.48 u_max=0.0200 barrier=0.00 contact=- met=True
  unshaped reference   lam=0.13 score [0, 0.09075627083630404]   | train disp=0.0548 marker=0.061 gap=0.016 contact=- | held-out disp=0.0548 marker=0.061 gap=0.016 gmin=5.484 atU=47.60 u_max=0.0200 barrier=0.00 contact=- met=True
  unshaped reference   lam=0.14 score [0, 0.08941792262857007]   | train disp=0.0536 marker=0.061 gap=0.015 contact=- | held-out disp=0.0536 marker=0.061 gap=0.015 gmin=5.485 atU=48.58 u_max=0.0200 barrier=0.00 contact=- met=True
  unshaped reference   lam=0.15 score [0, 0.08800292593467891]   | train disp=0.0524 marker=0.061 gap=0.015 contact=- | held-out disp=0.0524 marker=0.061 gap=0.015 gmin=5.485 atU=49.43 u_max=0.0200 barrier=0.00 contact=- met=True
  unshaped reference   lam=0.16 score [0, 0.0865705100442445]    | train disp=0.0513 marker=0.060 gap=0.015 contact=- | held-out disp=0.0513 marker=0.060 gap=0.015 gmin=5.485 atU=50.18 u_max=0.0200 barrier=0.00 contact=- met=True
  unshaped reference   lam=0.17 score [0, 0.085145662547698]     | train disp=0.0502 marker=0.060 gap=0.015 contact=- | held-out disp=0.0502 marker=0.060 gap=0.015 gmin=5.485 atU=50.85 u_max=0.0200 barrier=0.00 contact=- met=True
  unshaped reference   lam=0.18 score [0, 0.0837381877381252]    | train disp=0.0491 marker=0.059 gap=0.015 contact=- | held-out disp=0.0491 marker=0.059 gap=0.015 gmin=5.485 atU=51.45 u_max=0.0200 barrier=0.00 contact=- met=True
  unshaped reference   lam=0.19 score [0, 0.08235101534022722]   | train disp=0.0481 marker=0.059 gap=0.015 contact=- | held-out disp=0.0481 marker=0.059 gap=0.015 gmin=5.485 atU=51.98 u_max=0.0200 barrier=0.00 contact=- met=True
  unshaped reference   lam=0.20 score [0, 0.0809832754081583]    | train disp=0.0470 marker=0.058 gap=0.015 contact=- | held-out disp=0.0470 marker=0.058 gap=0.015 gmin=5.485 atU=52.47 u_max=0.0200 barrier=0.00 contact=- met=True
  unshaped reference   lam=0.25 score [0, 0.07441467623470051]   | train disp=0.0421 marker=0.055 gap=0.014 contact=- | held-out disp=0.0421 marker=0.055 gap=0.014 gmin=5.486 atU=54.33 u_max=0.0200 barrier=0.00 contact=- met=True
  unshaped reference   lam=0.30 score [0, 0.06829304447073999]   | train disp=0.0375 marker=0.053 gap=0.013 contact=- | held-out disp=0.0375 marker=0.053 gap=0.013 gmin=5.487 atU=55.59 u_max=0.0200 barrier=0.00 contact=- met=True
  unshaped reference   lam=0.40 score [0, 0.057270970214934394]  | train disp=0.0293 marker=0.048 gap=0.012 contact=- | held-out disp=0.0293 marker=0.048 gap=0.012 gmin=5.488 atU=57.19 u_max=0.0200 barrier=0.00 contact=- met=True
  unshaped reference   lam=0.50 score [0, 0.047694097380883704]  | train disp=0.0223 marker=0.043 gap=0.011 contact=- | held-out disp=0.0223 marker=0.043 gap=0.011 gmin=5.489 atU=58.16 u_max=0.0200 barrier=0.00 contact=- met=True
  unshaped reference   selected lam=0.50 score [0, 0.047694097380883704]; held-out disp=0.0223 marker=0.043 gap=0.011 atU=58.16 barrier=0.00 met=True; design lam=0.065 score [0, 0.35487416743930567] held-out met True; training without violation: [0.05, 0.06, 0.07, 0.08, 0.09, 0.1, 0.11, 0.12, 0.13, 0.14, 0.15, 0.16, 0.17, 0.18, 0.19, 0.2, 0.25, 0.3, 0.4, 0.5]; held-out met: [0.05, 0.06, 0.07, 0.08, 0.09, 0.1, 0.11, 0.12, 0.13, 0.14, 0.15, 0.16, 0.17, 0.18, 0.19, 0.2, 0.25, 0.3, 0.4, 0.5]
  cacc h_w=0.2         lam=0.05 score [0, 1.614701159558242]     | train disp=0.1272 marker=2.534 gap=0.643 contact=- | held-out disp=0.1297 marker=2.593 gap=0.667 gmin=6.129 atU=0.00 u_max=0.0000 barrier=0.00 contact=- met=True
  cacc h_w=0.2         lam=0.06 score [0, 1.1521105343571776]    | train disp=0.1038 marker=1.781 gap=0.455 contact=- | held-out disp=0.1045 marker=1.796 gap=0.461 gmin=5.937 atU=0.00 u_max=0.0000 barrier=0.00 contact=- met=True
  cacc h_w=0.2         lam=0.07 score [0, 0.9662489718074407]    | train disp=0.0945 marker=1.485 gap=0.377 contact=- | held-out disp=0.0947 marker=1.488 gap=0.379 gmin=5.866 atU=0.00 u_max=0.0000 barrier=0.00 contact=- met=True
  cacc h_w=0.2         lam=0.08 score [0, 0.8774142988714952]    | train disp=0.0906 marker=1.343 gap=0.339 contact=- | held-out disp=0.0907 marker=1.344 gap=0.340 gmin=5.832 atU=1.59 u_max=0.0200 barrier=0.00 contact=- met=True
  cacc h_w=0.2         lam=0.09 score [0, 0.8256487302464752]    | train disp=0.0888 marker=1.259 gap=0.317 contact=- | held-out disp=0.0888 marker=1.260 gap=0.317 gmin=5.812 atU=5.69 u_max=0.0200 barrier=0.00 contact=- met=True
  cacc h_w=0.2         lam=0.10 score [0, 0.7900328698721637]    | train disp=0.0878 marker=1.201 gap=0.302 contact=- | held-out disp=0.0878 marker=1.201 gap=0.302 gmin=5.798 atU=8.86 u_max=0.0200 barrier=0.00 contact=- met=True
  cacc h_w=0.2         lam=0.11 score [0, 0.7628485432820089]    | train disp=0.0871 marker=1.156 gap=0.291 contact=- | held-out disp=0.0871 marker=1.156 gap=0.291 gmin=5.787 atU=11.14 u_max=0.0200 barrier=0.00 contact=- met=True
  cacc h_w=0.2         lam=0.12 score [0, 0.7409043835957334]    | train disp=0.0866 marker=1.119 gap=0.281 contact=- | held-out disp=0.0866 marker=1.119 gap=0.281 gmin=5.778 atU=12.96 u_max=0.0200 barrier=0.00 contact=- met=True
  cacc h_w=0.2         lam=0.13 score [0, 0.7226217521217866]    | train disp=0.0862 marker=1.088 gap=0.274 contact=- | held-out disp=0.0862 marker=1.088 gap=0.274 gmin=5.771 atU=14.45 u_max=0.0200 barrier=0.00 contact=- met=True
  cacc h_w=0.2         lam=0.14 score [0, 0.7070863296059144]    | train disp=0.0859 marker=1.062 gap=0.267 contact=- | held-out disp=0.0859 marker=1.062 gap=0.267 gmin=5.764 atU=15.70 u_max=0.0200 barrier=0.00 contact=- met=True
  cacc h_w=0.2         lam=0.15 score [0, 0.6937041436224927]    | train disp=0.0857 marker=1.040 gap=0.261 contact=- | held-out disp=0.0857 marker=1.040 gap=0.261 gmin=5.758 atU=16.62 u_max=0.0200 barrier=0.00 contact=- met=True
  cacc h_w=0.2         lam=0.16 score [0, 0.6820617753331437]    | train disp=0.0855 marker=1.020 gap=0.257 contact=- | held-out disp=0.0855 marker=1.020 gap=0.257 gmin=5.754 atU=17.43 u_max=0.0200 barrier=0.00 contact=- met=True
  cacc h_w=0.2         lam=0.17 score [0, 0.6718534674737289]    | train disp=0.0854 marker=1.003 gap=0.252 contact=- | held-out disp=0.0854 marker=1.003 gap=0.252 gmin=5.749 atU=18.14 u_max=0.0200 barrier=0.00 contact=- met=True
  cacc h_w=0.2         lam=0.18 score [0, 0.6628455356787128]    | train disp=0.0854 marker=0.987 gap=0.248 contact=- | held-out disp=0.0854 marker=0.987 gap=0.248 gmin=5.745 atU=18.78 u_max=0.0200 barrier=0.00 contact=- met=True
  cacc h_w=0.2         lam=0.19 score [0, 0.6548549505958381]    | train disp=0.0855 marker=0.974 gap=0.245 contact=- | held-out disp=0.0855 marker=0.974 gap=0.245 gmin=5.742 atU=19.36 u_max=0.0200 barrier=0.00 contact=- met=True
  cacc h_w=0.2         lam=0.20 score [0, 0.6477357277915416]    | train disp=0.0856 marker=0.961 gap=0.242 contact=- | held-out disp=0.0856 marker=0.961 gap=0.242 gmin=5.739 atU=19.87 u_max=0.0200 barrier=0.00 contact=- met=True
  cacc h_w=0.2         lam=0.25 score [0, 0.6217362112125311]    | train disp=0.0873 marker=0.914 gap=0.230 contact=- | held-out disp=0.0873 marker=0.914 gap=0.230 gmin=5.727 atU=21.86 u_max=0.0200 barrier=0.00 contact=- met=True
  cacc h_w=0.2         lam=0.30 score [0, 0.6062451698841471]    | train disp=0.0905 marker=0.882 gap=0.222 contact=- | held-out disp=0.0905 marker=0.882 gap=0.222 gmin=5.719 atU=23.19 u_max=0.0200 barrier=0.00 contact=- met=True
  cacc h_w=0.2         lam=0.40 score [0, 0.5923033952528556]    | train disp=0.1011 marker=0.840 gap=0.211 contact=- | held-out disp=0.1011 marker=0.840 gap=0.211 gmin=5.709 atU=24.87 u_max=0.0200 barrier=0.00 contact=- met=True
  cacc h_w=0.2         lam=0.50 score [0, 0.590943795571879]     | train disp=0.1163 marker=0.811 gap=0.204 contact=- | held-out disp=0.1163 marker=0.811 gap=0.204 gmin=5.702 atU=25.89 u_max=0.0200 barrier=0.00 contact=- met=True
  cacc h_w=0.2         selected lam=0.50 score [0, 0.590943795571879]; held-out disp=0.1163 marker=0.811 gap=0.204 atU=25.89 barrier=0.00 met=True; design lam=0.065 score [0, 1.040255047362971] held-out met True; training without violation: [0.05, 0.06, 0.07, 0.08, 0.09, 0.1, 0.11, 0.12, 0.13, 0.14, 0.15, 0.16, 0.17, 0.18, 0.19, 0.2, 0.25, 0.3, 0.4, 0.5]; held-out met: [0.05, 0.06, 0.07, 0.08, 0.09, 0.1, 0.11, 0.12, 0.13, 0.14, 0.15, 0.16, 0.17, 0.18, 0.19, 0.2, 0.25, 0.3, 0.4, 0.5]
  cacc h_w=0.5         lam=0.05 score [2, 3.3668592234053945]    | train disp=0.1698 marker=5.393 gap=1.400 contact=- | held-out disp=0.1725 marker=5.461 gap=1.428 gmin=6.802 atU=0.00 u_max=0.0000 barrier=0.00 contact=- met=False
  cacc h_w=0.5         lam=0.06 score [2, 2.6961286644587306]    | train disp=0.1456 marker=4.310 gap=1.114 contact=- | held-out disp=0.1465 marker=4.329 gap=1.122 gmin=6.543 atU=0.00 u_max=0.0000 barrier=0.00 contact=- met=False
  cacc h_w=0.5         lam=0.07 score [1, 2.367889797949478]     | train disp=0.1355 marker=3.787 gap=0.970 contact=- | held-out disp=0.1358 marker=3.792 gap=0.973 gmin=6.424 atU=0.00 u_max=0.0000 barrier=0.00 contact=- met=False
  cacc h_w=0.5         lam=0.08 score [1, 2.182172974357381]     | train disp=0.1313 marker=3.487 gap=0.888 contact=- | held-out disp=0.1314 marker=3.489 gap=0.889 gmin=6.356 atU=0.96 u_max=0.0200 barrier=0.00 contact=- met=False
  cacc h_w=0.5         lam=0.09 score [1, 2.062048466159628]     | train disp=0.1298 marker=3.290 gap=0.836 contact=- | held-out disp=0.1299 marker=3.291 gap=0.836 gmin=6.310 atU=3.29 u_max=0.0200 barrier=0.00 contact=- met=False
  cacc h_w=0.5         lam=0.10 score [1, 1.975676393239392]     | train disp=0.1295 marker=3.145 gap=0.798 contact=- | held-out disp=0.1295 marker=3.145 gap=0.798 gmin=6.275 atU=7.03 u_max=0.0200 barrier=0.00 contact=- met=False
  cacc h_w=0.5         lam=0.11 score [1, 1.9090450007173179]    | train disp=0.1298 marker=3.032 gap=0.769 contact=- | held-out disp=0.1298 marker=3.032 gap=0.769 gmin=6.247 atU=9.36 u_max=0.0200 barrier=0.00 contact=- met=False
  cacc h_w=0.5         lam=0.12 score [0, 1.8552863045836623]    | train disp=0.1304 marker=2.939 gap=0.745 contact=- | held-out disp=0.1304 marker=2.939 gap=0.745 gmin=6.224 atU=11.15 u_max=0.0200 barrier=0.00 contact=- met=True
  cacc h_w=0.5         lam=0.13 score [0, 1.8106818700523584]    | train disp=0.1313 marker=2.861 gap=0.726 contact=- | held-out disp=0.1313 marker=2.861 gap=0.726 gmin=6.205 atU=12.65 u_max=0.0200 barrier=0.00 contact=- met=True
  cacc h_w=0.5         lam=0.14 score [0, 1.7729770730450505]    | train disp=0.1323 marker=2.795 gap=0.709 contact=- | held-out disp=0.1323 marker=2.795 gap=0.709 gmin=6.189 atU=13.91 u_max=0.0200 barrier=0.00 contact=- met=True
  cacc h_w=0.5         lam=0.15 score [0, 1.740675407757891]     | train disp=0.1336 marker=2.738 gap=0.695 contact=- | held-out disp=0.1336 marker=2.738 gap=0.695 gmin=6.174 atU=15.02 u_max=0.0200 barrier=0.00 contact=- met=True
  cacc h_w=0.5         lam=0.16 score [0, 1.7127243176141653]    | train disp=0.1350 marker=2.687 gap=0.682 contact=- | held-out disp=0.1350 marker=2.687 gap=0.682 gmin=6.162 atU=15.92 u_max=0.0200 barrier=0.00 contact=- met=True
  cacc h_w=0.5         lam=0.17 score [0, 1.6883482251789608]    | train disp=0.1366 marker=2.643 gap=0.671 contact=- | held-out disp=0.1366 marker=2.643 gap=0.671 gmin=6.151 atU=16.64 u_max=0.0200 barrier=0.00 contact=- met=True
  cacc h_w=0.5         lam=0.18 score [0, 1.6669565742735792]    | train disp=0.1384 marker=2.603 gap=0.661 contact=- | held-out disp=0.1384 marker=2.603 gap=0.661 gmin=6.141 atU=17.29 u_max=0.0200 barrier=0.00 contact=- met=True
  cacc h_w=0.5         lam=0.19 score [0, 1.648087800624419]     | train disp=0.1403 marker=2.568 gap=0.652 contact=- | held-out disp=0.1403 marker=2.568 gap=0.652 gmin=6.132 atU=17.88 u_max=0.0200 barrier=0.00 contact=- met=True
  cacc h_w=0.5         lam=0.20 score [0, 1.6313850034193251]    | train disp=0.1424 marker=2.535 gap=0.644 contact=- | held-out disp=0.1424 marker=2.535 gap=0.644 gmin=6.124 atU=18.41 u_max=0.0200 barrier=0.00 contact=- met=True
  cacc h_w=0.5         lam=0.25 score [0, 1.5715042972915305]    | train disp=0.1550 marker=2.412 gap=0.613 contact=- | held-out disp=0.1550 marker=2.412 gap=0.613 gmin=6.093 atU=20.46 u_max=0.0200 barrier=0.00 contact=- met=True
  cacc h_w=0.5         lam=0.30 score [0, 1.5372746054043867]    | train disp=0.1710 marker=2.326 gap=0.591 contact=- | held-out disp=0.1710 marker=2.326 gap=0.591 gmin=6.072 atU=21.85 u_max=0.0200 barrier=0.00 contact=- met=True
  cacc h_w=0.5         lam=0.40 score [0, 1.5093696290041883]    | train disp=0.2119 marker=2.210 gap=0.561 contact=- | held-out disp=0.2119 marker=2.210 gap=0.561 gmin=6.044 atU=23.60 u_max=0.0200 barrier=0.00 contact=- met=True
  cacc h_w=0.5         lam=0.50 score [0, 1.5095705066545122]    | train disp=0.2620 marker=2.127 gap=0.539 contact=- | held-out disp=0.2620 marker=2.127 gap=0.539 gmin=6.025 atU=24.66 u_max=0.0200 barrier=0.00 contact=- met=True
  cacc h_w=0.5         selected lam=0.40 score [0, 1.5093696290041883]; held-out disp=0.2119 marker=2.210 gap=0.561 atU=23.60 barrier=0.00 met=True; design lam=0.065 score [2, 2.506082817753547] held-out met False; training without violation: [0.12, 0.13, 0.14, 0.15, 0.16, 0.17, 0.18, 0.19, 0.2, 0.25, 0.3, 0.4, 0.5]; held-out met: [0.12, 0.13, 0.14, 0.15, 0.16, 0.17, 0.18, 0.19, 0.2, 0.25, 0.3, 0.4, 0.5]
  cacc h_w=1.0         lam=0.05 score [2, 6.355525791181728]     | train disp=0.2395 marker=10.249 gap=2.700 contact=- | held-out disp=0.2426 marker=10.332 gap=2.735 gmin=7.931 atU=0.00 u_max=0.0000 barrier=0.00 contact=- met=False
  cacc h_w=1.0         lam=0.06 score [2, 5.360207195674652]     | train disp=0.2152 marker=8.647 gap=2.263 contact=- | held-out disp=0.2163 marker=8.673 gap=2.274 gmin=7.564 atU=0.00 u_max=0.0000 barrier=0.00 contact=- met=False
  cacc h_w=1.0         lam=0.07 score [2, 4.801211210946187]     | train disp=0.2043 marker=7.753 gap=2.013 contact=- | held-out disp=0.2047 marker=7.761 gap=2.017 gmin=7.366 atU=0.00 u_max=0.0000 barrier=0.00 contact=- met=False
  cacc h_w=1.0         lam=0.08 score [2, 4.453296418129867]     | train disp=0.2000 marker=7.190 gap=1.857 contact=- | held-out disp=0.2002 marker=7.193 gap=1.858 gmin=7.240 atU=0.00 u_max=0.0009 barrier=0.00 contact=- met=False
  cacc h_w=1.0         lam=0.09 score [2, 4.216151572463161]     | train disp=0.1991 marker=6.800 gap=1.751 contact=- | held-out disp=0.1991 marker=6.801 gap=1.751 gmin=7.150 atU=1.38 u_max=0.0200 barrier=0.00 contact=- met=False
  cacc h_w=1.0         lam=0.10 score [2, 4.042391463823767]     | train disp=0.1999 marker=6.508 gap=1.673 contact=- | held-out disp=0.2000 marker=6.508 gap=1.674 gmin=7.081 atU=3.52 u_max=0.0200 barrier=0.00 contact=- met=False
  cacc h_w=1.0         lam=0.11 score [2, 3.907943700923729]     | train disp=0.2018 marker=6.278 gap=1.614 contact=- | held-out disp=0.2019 marker=6.278 gap=1.614 gmin=7.026 atU=6.36 u_max=0.0200 barrier=0.00 contact=- met=False
  cacc h_w=1.0         lam=0.12 score [2, 3.7998655642980927]    | train disp=0.2044 marker=6.090 gap=1.565 contact=- | held-out disp=0.2045 marker=6.090 gap=1.566 gmin=6.980 atU=8.20 u_max=0.0200 barrier=0.00 contact=- met=False
  cacc h_w=1.0         lam=0.13 score [2, 3.710612669217322]     | train disp=0.2076 marker=5.933 gap=1.525 contact=- | held-out disp=0.2076 marker=5.933 gap=1.526 gmin=6.941 atU=9.68 u_max=0.0200 barrier=0.00 contact=- met=False
  cacc h_w=1.0         lam=0.14 score [2, 3.6354710947615274]    | train disp=0.2111 marker=5.799 gap=1.491 contact=- | held-out disp=0.2111 marker=5.799 gap=1.492 gmin=6.908 atU=10.94 u_max=0.0200 barrier=0.00 contact=- met=False
  cacc h_w=1.0         lam=0.15 score [2, 3.571319144105682]     | train disp=0.2150 marker=5.682 gap=1.462 contact=- | held-out disp=0.2150 marker=5.682 gap=1.462 gmin=6.879 atU=12.06 u_max=0.0200 barrier=0.00 contact=- met=False
  cacc h_w=1.0         lam=0.16 score [2, 3.515978207951349]     | train disp=0.2193 marker=5.581 gap=1.436 contact=- | held-out disp=0.2193 marker=5.581 gap=1.436 gmin=6.854 atU=13.00 u_max=0.0200 barrier=0.00 contact=- met=False
  cacc h_w=1.0         lam=0.17 score [2, 3.467830907913613]     | train disp=0.2239 marker=5.490 gap=1.414 contact=- | held-out disp=0.2239 marker=5.490 gap=1.414 gmin=6.831 atU=13.84 u_max=0.0200 barrier=0.00 contact=- met=False
  cacc h_w=1.0         lam=0.18 score [2, 3.4256818909872964]    | train disp=0.2289 marker=5.410 gap=1.393 contact=- | held-out disp=0.2289 marker=5.410 gap=1.393 gmin=6.811 atU=14.58 u_max=0.0200 barrier=0.00 contact=- met=False
  cacc h_w=1.0         lam=0.19 score [2, 3.388572485163034]     | train disp=0.2342 marker=5.338 gap=1.375 contact=- | held-out disp=0.2342 marker=5.338 gap=1.375 gmin=6.794 atU=15.26 u_max=0.0200 barrier=0.00 contact=- met=False
  cacc h_w=1.0         lam=0.20 score [2, 3.3557346128054535]    | train disp=0.2397 marker=5.272 gap=1.359 contact=- | held-out disp=0.2397 marker=5.272 gap=1.359 gmin=6.777 atU=15.84 u_max=0.0200 barrier=0.00 contact=- met=False
  cacc h_w=1.0         lam=0.25 score [2, 3.2384664534001315]    | train disp=0.2719 marker=5.018 gap=1.294 contact=- | held-out disp=0.2719 marker=5.018 gap=1.294 gmin=6.715 atU=17.97 u_max=0.0200 barrier=0.00 contact=- met=False
  cacc h_w=1.0         lam=0.30 score [2, 3.171352460674427]     | train disp=0.3107 marker=4.839 gap=1.248 contact=- | held-out disp=0.3107 marker=4.839 gap=1.248 gmin=6.672 atU=19.44 u_max=0.0200 barrier=0.00 contact=- met=False
  cacc h_w=1.0         lam=0.40 score [2, 3.1133984882181664]    | train disp=0.4040 marker=4.588 gap=1.180 contact=- | held-out disp=0.4040 marker=4.588 gap=1.180 gmin=6.613 atU=21.32 u_max=0.0200 barrier=0.00 contact=- met=False
  cacc h_w=1.0         lam=0.50 score [2, 3.103204170536202]     | train disp=0.5102 marker=4.401 gap=1.126 contact=- | held-out disp=0.5102 marker=4.401 gap=1.126 gmin=6.573 atU=22.46 u_max=0.0200 barrier=0.00 contact=- met=False
  cacc h_w=1.0         selected lam=0.50 score [2, 3.103204170536202]; held-out disp=0.5102 marker=4.401 gap=1.126 atU=22.46 barrier=0.00 met=False; design lam=0.065 score [2, 5.0445115531888405] held-out met False; training without violation: []; held-out met: []
  proposed vs feedback over the grid: identical at 20 of 20 gains
  pid {'Kp': 0.001, 'Kd': 0.05, 'Ki': 1e-06}   score [2, 6.165757435272193]     | train disp=0.0973 marker=10.248 gap=2.652 | held-out disp=0.1191 marker=10.605 gap=2.697 gmin=2.803 atU=0.00 barrier=0.00 met=False
  pid {'Kp': 0.001, 'Kd': 0.05, 'Ki': 5e-05}   score [2, 12.867850485543528]    | train disp=0.1522 marker=21.741 gap=5.469 | held-out disp=0.1544 marker=21.743 gap=5.469 gmin=0.031 atU=30.96 barrier=95.37 met=False
  pid {'Kp': 0.001, 'Kd': 0.05, 'Ki': 0.0002}  score [3, 31.81487451170787]     | train disp=14.9335 marker=27.616 gap=7.676 | held-out disp=14.1561 marker=23.084 gap=7.435 gmin=0.155 atU=22.05 barrier=41.87 met=False
  pid {'Kp': 0.001, 'Kd': 0.115, 'Ki': 1e-06}  score [2, 21.770147445394286]    | train disp=0.5317 marker=35.773 gap=9.314 | held-out disp=0.5488 marker=37.143 gap=9.488 gmin=14.567 atU=0.00 barrier=0.00 met=False
  pid {'Kp': 0.001, 'Kd': 0.115, 'Ki': 5e-05}  score [2, 12.896086143709567]    | train disp=0.1627 marker=21.786 gap=5.471 | held-out disp=0.1628 marker=21.786 gap=5.471 gmin=0.029 atU=11.71 barrier=58.87 met=False
  pid {'Kp': 0.001, 'Kd': 0.115, 'Ki': 0.0002} score [2, 9.053623750808317]     | train disp=0.5672 marker=14.216 gap=3.748 | held-out disp=0.5252 marker=15.276 gap=3.874 gmin=0.103 atU=0.00 barrier=37.64 met=False
  pid {'Kp': 0.001, 'Kd': 0.3, 'Ki': 1e-06}    score [2, 58.509394672363165]    | train disp=0.4524 marker=98.945 gap=25.075 | held-out disp=0.4575 marker=100.212 gap=25.235 gmin=30.355 atU=0.00 barrier=0.00 met=False
  pid {'Kp': 0.001, 'Kd': 0.3, 'Ki': 5e-05}    score [2, 18.948086212323126]    | train disp=0.8275 marker=30.429 gap=7.978 | held-out disp=0.8317 marker=31.697 gap=8.137 gmin=13.172 atU=0.00 barrier=0.00 met=False
  pid {'Kp': 0.001, 'Kd': 0.3, 'Ki': 0.0002}   score [2, 16.697733084360216]    | train disp=0.8145 marker=26.585 gap=7.022 | held-out disp=0.8189 marker=27.899 gap=7.187 gmin=12.213 atU=0.00 barrier=0.00 met=False
  pid {'Kp': 0.003, 'Kd': 0.05, 'Ki': 1e-06}   score [0, 0.3491155143621351]    | train disp=0.1771 marker=0.290 gap=0.075 | held-out disp=0.1829 marker=0.156 gap=0.061 gmin=0.237 atU=10.47 barrier=5.10 met=True
  pid {'Kp': 0.003, 'Kd': 0.05, 'Ki': 5e-05}   score [2, 12.495350592129142]    | train disp=0.0094 marker=21.403 gap=5.352 | held-out disp=0.0648 marker=21.807 gap=5.459 gmin=0.041 atU=20.03 barrier=108.84 met=False
  pid {'Kp': 0.003, 'Kd': 0.05, 'Ki': 0.0002}  score [2, 12.048826396598184]    | train disp=0.8422 marker=13.339 gap=6.760 | held-out disp=0.7662 marker=14.364 gap=6.715 gmin=0.185 atU=43.98 barrier=32.88 met=False
  pid {'Kp': 0.003, 'Kd': 0.115, 'Ki': 1e-06}  score [0, 0.8026145910070379]    | train disp=0.1013 marker=1.193 gap=0.304 | held-out disp=0.1031 marker=1.214 gap=0.306 gmin=5.194 atU=0.00 barrier=0.00 met=True
  pid {'Kp': 0.003, 'Kd': 0.115, 'Ki': 5e-05}  score [2, 12.839251393230757]    | train disp=0.1047 marker=21.815 gap=5.463 | held-out disp=0.1053 marker=21.815 gap=5.463 gmin=0.037 atU=1.77 barrier=88.23 met=False
  pid {'Kp': 0.003, 'Kd': 0.115, 'Ki': 0.0002} score [2, 6.037223740954525]     | train disp=0.3738 marker=9.521 gap=2.490 | held-out disp=0.3942 marker=9.132 gap=2.336 gmin=0.169 atU=0.00 barrier=28.78 met=False
  pid {'Kp': 0.003, 'Kd': 0.3, 'Ki': 1e-06}    score [2, 20.78458256390025]     | train disp=0.4570 marker=34.620 gap=8.788 | held-out disp=0.4623 marker=35.075 gap=8.845 gmin=14.187 atU=0.00 barrier=0.00 met=False
  pid {'Kp': 0.003, 'Kd': 0.3, 'Ki': 5e-05}    score [2, 8.188749851883312]     | train disp=0.5940 marker=12.735 gap=3.350 | held-out disp=0.6001 marker=12.288 gap=3.172 gmin=2.328 atU=0.00 barrier=0.00 met=False
  pid {'Kp': 0.003, 'Kd': 0.3, 'Ki': 0.0002}   score [2, 8.717813353428443]     | train disp=0.5101 marker=13.819 gap=3.602 | held-out disp=0.5216 marker=13.410 gap=3.441 gmin=2.059 atU=0.00 barrier=0.00 met=False
  pid {'Kp': 0.01, 'Kd': 0.05, 'Ki': 1e-06}    score [0, 1.0755821968327552]    | train disp=0.1750 marker=0.482 gap=0.740 | held-out disp=0.1695 marker=0.515 gap=0.758 gmin=0.241 atU=44.85 barrier=5.33 met=True
  pid {'Kp': 0.01, 'Kd': 0.05, 'Ki': 5e-05}    score [2, 5.6485389077039]       | train disp=0.0535 marker=8.308 gap=2.826 | held-out disp=0.0546 marker=8.408 gap=2.844 gmin=0.230 atU=25.34 barrier=8.36 met=False
  pid {'Kp': 0.01, 'Kd': 0.05, 'Ki': 0.0002}   score [0, 0.8423826999854782]    | train disp=0.1053 marker=1.116 gap=0.365 | held-out disp=0.0877 marker=0.880 gap=0.330 gmin=0.240 atU=25.66 barrier=7.58 met=True
  pid {'Kp': 0.01, 'Kd': 0.115, 'Ki': 1e-06}   score [0, 0.28146785293836274]   | train disp=0.0626 marker=0.313 gap=0.115 | held-out disp=0.0618 marker=0.350 gap=0.139 gmin=0.668 atU=18.95 barrier=0.00 met=True
  pid {'Kp': 0.01, 'Kd': 0.115, 'Ki': 5e-05}   score [2, 5.60108644419673]      | train disp=0.0235 marker=7.875 gap=2.953 | held-out disp=0.0211 marker=8.326 gap=3.000 gmin=0.226 atU=20.80 barrier=7.20 met=False
  pid {'Kp': 0.01, 'Kd': 0.115, 'Ki': 0.0002}  score [0, 0.8191664997364398]    | train disp=0.0331 marker=1.211 gap=0.382 | held-out disp=0.0320 marker=1.267 gap=0.414 gmin=0.233 atU=21.68 barrier=6.38 met=True
  pid {'Kp': 0.01, 'Kd': 0.3, 'Ki': 1e-06}     score [0, 0.13788826430405265]   | train disp=0.0799 marker=0.098 gap=0.025 | held-out disp=0.0807 marker=0.105 gap=0.030 gmin=5.524 atU=4.36 barrier=0.00 met=True
  pid {'Kp': 0.01, 'Kd': 0.3, 'Ki': 5e-05}     score [2, 9.362199195897137]     | train disp=0.0136 marker=16.020 gap=4.009 | held-out disp=0.0143 marker=16.039 gap=4.021 gmin=1.400 atU=4.68 barrier=0.00 met=False
  pid {'Kp': 0.01, 'Kd': 0.3, 'Ki': 0.0002}    score [2, 4.664183534191608]     | train disp=0.1189 marker=7.748 gap=1.962 | held-out disp=0.1191 marker=7.897 gap=2.057 gmin=2.176 atU=6.11 barrier=0.00 met=False
  pid selected {'Kp': 0.01, 'Kd': 0.3, 'Ki': 1e-06} score [0, 0.13788826430405265]; held-out disp=0.0807 marker=0.105 gap=0.030 gmin=5.524 barrier=0.00 met=True; hand-tuned score [2, 12.839251393230757] held-out met=False
  checks against base.json: {'base.json row proposed vs feedback at the design gain': True, 'base.json row unshaped reference vs unshaped reference at the design gain': True, 'base.json row cacc h_w=0.2 vs cacc h_w=0.2 at the design gain': True, 'base.json row cacc h_w=0.5 vs cacc h_w=0.5 at the design gain': True, 'base.json row cacc h_w=1.0 vs cacc h_w=1.0 at the design gain': True, 'base.json row pid hand-tuned': True}
  design record unchanged at the end: True; part run time 14.2 s
  -> data/new_d19/fbref/studies/retune.json (2486.2 kB)
=== part loss ===
  proposed           t_loss=  15 em=None T_wd=None contact=- buffer lost=True (149.068) gmin=-0.282 (pair 5, t=151.11) stopped=5 completed=True disp=1.3564 marker=23.098 gap=5.782 met=False barrier=99.76 fallback=0.00
  proposed           t_loss=  30 em=None T_wd=None contact=- buffer lost=True (149.068) gmin=-0.282 (pair 5, t=151.11) stopped=5 completed=True disp=1.3564 marker=23.098 gap=5.782 met=False barrier=90.78 fallback=0.00
  proposed           t_loss=  60 em=None T_wd=None contact=- buffer lost=True (149.068) gmin=-0.282 (pair 5, t=151.11) stopped=5 completed=True disp=1.3564 marker=23.098 gap=5.782 met=False barrier=54.19 fallback=0.00
  proposed           t_loss=  90 em=None T_wd=None contact=- buffer lost=True (149.068) gmin=-0.282 (pair 5, t=151.11) stopped=5 completed=True disp=1.3564 marker=23.098 gap=5.782 met=False barrier=18.94 fallback=0.00
  proposed           t_loss= 120 em=None T_wd=None contact=- buffer lost=False (-) gmin=0.577 (pair 2, t=150.67) stopped=5 completed=True disp=4.6364 marker=18.148 gap=4.923 met=False barrier=0.34 fallback=0.00
  proposed           t_loss= 140 em=None T_wd=None contact=- buffer lost=False (-) gmin=3.552 (pair 2, t=150.82) stopped=5 completed=True disp=4.4952 marker=6.646 gap=1.948 met=False barrier=0.00 fallback=0.00
  proposed           t_loss= 145 em=None T_wd=None contact=- buffer lost=False (-) gmin=4.272 (pair 2, t=150.77) stopped=5 completed=True disp=4.1181 marker=4.663 gap=1.228 met=False barrier=0.00 fallback=0.00
  == proposed           em=None T_wd=None contact 0/7 [], buffer lost 4 [15.0, 30.0, 60.0, 90.0], completed 7, met 0, aborted 0, gmin min -0.282, disp max (completed) 4.6364
  proposed           t_loss=  15 em=None T_wd=0.1  contact=- buffer lost=False (-) gmin=30.377 (pair 5, t=22.64) stopped=5 completed=False disp=n.d. marker=n.d. gap=n.d. met=False barrier=0.00 fallback=0.00
  proposed           t_loss=  30 em=None T_wd=0.1  contact=- buffer lost=False (-) gmin=18.691 (pair 5, t=36.52) stopped=5 completed=False disp=n.d. marker=n.d. gap=n.d. met=False barrier=0.00 fallback=0.00
  proposed           t_loss=  60 em=None T_wd=0.1  contact=- buffer lost=False (-) gmin=8.789 (pair 5, t=63.89) stopped=5 completed=False disp=n.d. marker=n.d. gap=n.d. met=False barrier=0.00 fallback=0.00
  proposed           t_loss=  90 em=None T_wd=0.1  contact=- buffer lost=False (-) gmin=6.087 (pair 4, t=92.35) stopped=5 completed=False disp=n.d. marker=n.d. gap=n.d. met=False barrier=0.00 fallback=0.00
  proposed           t_loss= 120 em=None T_wd=0.1  contact=- buffer lost=False (-) gmin=5.563 (pair 4, t=121.56) stopped=5 completed=False disp=n.d. marker=n.d. gap=n.d. met=False barrier=0.00 fallback=0.00
  proposed           t_loss= 140 em=None T_wd=0.1  contact=- buffer lost=False (-) gmin=5.509 (pair 4, t=141.08) stopped=5 completed=False disp=n.d. marker=n.d. gap=n.d. met=False barrier=0.00 fallback=0.00
  proposed           t_loss= 145 em=None T_wd=0.1  contact=- buffer lost=False (-) gmin=5.506 (pair 4, t=145.97) stopped=5 completed=False disp=n.d. marker=n.d. gap=n.d. met=False barrier=0.00 fallback=0.00
  == proposed           em=None T_wd=0.1  contact 0/7 [], buffer lost 0 [], completed 0, met 0, aborted 7, gmin min 5.506, disp max (completed) n.d.
  proposed           t_loss=  15 em=None T_wd=0.25 contact=- buffer lost=False (-) gmin=30.219 (pair 5, t=22.79) stopped=5 completed=False disp=n.d. marker=n.d. gap=n.d. met=False barrier=0.00 fallback=0.00
  proposed           t_loss=  30 em=None T_wd=0.25 contact=- buffer lost=False (-) gmin=18.571 (pair 5, t=36.67) stopped=5 completed=False disp=n.d. marker=n.d. gap=n.d. met=False barrier=0.00 fallback=0.00
  proposed           t_loss=  60 em=None T_wd=0.25 contact=- buffer lost=False (-) gmin=8.754 (pair 5, t=64.04) stopped=5 completed=False disp=n.d. marker=n.d. gap=n.d. met=False barrier=0.00 fallback=0.00
  proposed           t_loss=  90 em=None T_wd=0.25 contact=- buffer lost=False (-) gmin=6.079 (pair 4, t=92.50) stopped=5 completed=False disp=n.d. marker=n.d. gap=n.d. met=False barrier=0.00 fallback=0.00
  proposed           t_loss= 120 em=None T_wd=0.25 contact=- buffer lost=False (-) gmin=5.562 (pair 4, t=121.71) stopped=5 completed=False disp=n.d. marker=n.d. gap=n.d. met=False barrier=0.00 fallback=0.00
  proposed           t_loss= 140 em=None T_wd=0.25 contact=- buffer lost=False (-) gmin=5.508 (pair 3, t=141.17) stopped=5 completed=False disp=n.d. marker=n.d. gap=n.d. met=False barrier=0.00 fallback=0.00
  proposed           t_loss= 145 em=None T_wd=0.25 contact=- buffer lost=False (-) gmin=5.505 (pair 3, t=146.06) stopped=5 completed=False disp=n.d. marker=n.d. gap=n.d. met=False barrier=0.00 fallback=0.00
  == proposed           em=None T_wd=0.25 contact 0/7 [], buffer lost 0 [], completed 0, met 0, aborted 7, gmin min 5.505, disp max (completed) n.d.
  proposed           t_loss=  15 em=None T_wd=0.5  contact=- buffer lost=False (-) gmin=29.955 (pair 5, t=23.05) stopped=5 completed=False disp=n.d. marker=n.d. gap=n.d. met=False barrier=0.00 fallback=0.00
  proposed           t_loss=  30 em=None T_wd=0.5  contact=- buffer lost=False (-) gmin=18.372 (pair 5, t=36.91) stopped=5 completed=False disp=n.d. marker=n.d. gap=n.d. met=False barrier=0.00 fallback=0.00
  proposed           t_loss=  60 em=None T_wd=0.5  contact=- buffer lost=False (-) gmin=8.695 (pair 5, t=64.29) stopped=5 completed=False disp=n.d. marker=n.d. gap=n.d. met=False barrier=0.00 fallback=0.00
  proposed           t_loss=  90 em=None T_wd=0.5  contact=- buffer lost=False (-) gmin=6.067 (pair 4, t=92.75) stopped=5 completed=False disp=n.d. marker=n.d. gap=n.d. met=False barrier=0.00 fallback=0.00
  proposed           t_loss= 120 em=None T_wd=0.5  contact=- buffer lost=False (-) gmin=5.559 (pair 3, t=121.86) stopped=5 completed=False disp=n.d. marker=n.d. gap=n.d. met=False barrier=0.00 fallback=0.00
  proposed           t_loss= 140 em=None T_wd=0.5  contact=- buffer lost=False (-) gmin=5.507 (pair 3, t=141.42) stopped=5 completed=False disp=n.d. marker=n.d. gap=n.d. met=False barrier=0.00 fallback=0.00
  proposed           t_loss= 145 em=None T_wd=0.5  contact=- buffer lost=False (-) gmin=5.504 (pair 3, t=146.31) stopped=5 completed=False disp=n.d. marker=n.d. gap=n.d. met=False barrier=0.00 fallback=0.00
  == proposed           em=None T_wd=0.5  contact 0/7 [], buffer lost 0 [], completed 0, met 0, aborted 7, gmin min 5.504, disp max (completed) n.d.
  proposed           t_loss=  15 em=None T_wd=1.0  contact=- buffer lost=False (-) gmin=29.429 (pair 5, t=23.55) stopped=5 completed=False disp=n.d. marker=n.d. gap=n.d. met=False barrier=0.00 fallback=0.00
  proposed           t_loss=  30 em=None T_wd=1.0  contact=- buffer lost=False (-) gmin=17.975 (pair 5, t=37.40) stopped=5 completed=False disp=n.d. marker=n.d. gap=n.d. met=False barrier=0.00 fallback=0.00
  proposed           t_loss=  60 em=None T_wd=1.0  contact=- buffer lost=False (-) gmin=8.578 (pair 5, t=64.78) stopped=5 completed=False disp=n.d. marker=n.d. gap=n.d. met=False barrier=0.00 fallback=0.00
  proposed           t_loss=  90 em=None T_wd=1.0  contact=- buffer lost=False (-) gmin=6.041 (pair 3, t=93.07) stopped=5 completed=False disp=n.d. marker=n.d. gap=n.d. met=False barrier=0.00 fallback=0.00
  proposed           t_loss= 120 em=None T_wd=1.0  contact=- buffer lost=False (-) gmin=5.552 (pair 3, t=122.36) stopped=5 completed=False disp=n.d. marker=n.d. gap=n.d. met=False barrier=0.00 fallback=0.00
  proposed           t_loss= 140 em=None T_wd=1.0  contact=- buffer lost=False (-) gmin=5.504 (pair 3, t=141.92) stopped=5 completed=False disp=n.d. marker=n.d. gap=n.d. met=False barrier=0.00 fallback=0.00
  proposed           t_loss= 145 em=None T_wd=1.0  contact=- buffer lost=False (-) gmin=5.502 (pair 3, t=146.81) stopped=5 completed=False disp=n.d. marker=n.d. gap=n.d. met=False barrier=0.00 fallback=0.00
  == proposed           em=None T_wd=1.0  contact 0/7 [], buffer lost 0 [], completed 0, met 0, aborted 7, gmin min 5.502, disp max (completed) n.d.
  proposed           t_loss=  15 em=3    T_wd=None contact=27.491 buffer lost=True (27.221) gmin=-1.001 (pair 5, t=27.49) stopped=2 completed=False disp=n.d. marker=n.d. gap=n.d. met=False barrier=2.34 fallback=2.25
  proposed           t_loss=  30 em=3    T_wd=None contact=37.619 buffer lost=True (37.082) gmin=-1.000 (pair 4, t=37.62) stopped=1 completed=False disp=n.d. marker=n.d. gap=n.d. met=False barrier=2.99 fallback=2.92
  proposed           t_loss=  60 em=3    T_wd=None contact=67.696 buffer lost=True (64.892) gmin=-1.000 (pair 5, t=67.70) stopped=2 completed=False disp=n.d. marker=n.d. gap=n.d. met=False barrier=3.00 fallback=5.49
  proposed           t_loss=  90 em=3    T_wd=None contact=- buffer lost=True (149.068) gmin=-0.266 (pair 2, t=150.09) stopped=5 completed=False disp=n.d. marker=n.d. gap=n.d. met=False barrier=17.83 fallback=0.76
  proposed           t_loss= 120 em=3    T_wd=None contact=- buffer lost=False (-) gmin=0.577 (pair 2, t=150.67) stopped=5 completed=False disp=n.d. marker=n.d. gap=n.d. met=False barrier=0.34 fallback=0.00
  proposed           t_loss= 140 em=3    T_wd=None contact=- buffer lost=False (-) gmin=3.552 (pair 2, t=150.82) stopped=5 completed=False disp=n.d. marker=n.d. gap=n.d. met=False barrier=0.00 fallback=0.00
  proposed           t_loss= 145 em=3    T_wd=None contact=- buffer lost=False (-) gmin=4.272 (pair 2, t=150.77) stopped=5 completed=False disp=n.d. marker=n.d. gap=n.d. met=False barrier=0.00 fallback=0.00
  == proposed           em=3    T_wd=None contact 3/7 [15.0, 30.0, 60.0], buffer lost 4 [15.0, 30.0, 60.0, 90.0], completed 0, met 0, aborted 7, gmin min -1.001, disp max (completed) n.d.
  proposed           t_loss=  15 em=3    T_wd=0.1  contact=- buffer lost=False (-) gmin=30.372 (pair 5, t=22.64) stopped=5 completed=False disp=n.d. marker=n.d. gap=n.d. met=False barrier=0.00 fallback=0.00
  proposed           t_loss=  30 em=3    T_wd=0.1  contact=- buffer lost=False (-) gmin=18.686 (pair 5, t=36.52) stopped=5 completed=False disp=n.d. marker=n.d. gap=n.d. met=False barrier=0.00 fallback=0.00
  proposed           t_loss=  60 em=3    T_wd=0.1  contact=- buffer lost=False (-) gmin=8.427 (pair 4, t=63.47) stopped=5 completed=False disp=n.d. marker=n.d. gap=n.d. met=False barrier=0.00 fallback=0.00
  proposed           t_loss=  90 em=3    T_wd=0.1  contact=- buffer lost=False (-) gmin=5.806 (pair 4, t=92.35) stopped=5 completed=False disp=n.d. marker=n.d. gap=n.d. met=False barrier=0.00 fallback=0.00
  proposed           t_loss= 120 em=3    T_wd=0.1  contact=- buffer lost=False (-) gmin=5.379 (pair 4, t=121.56) stopped=5 completed=False disp=n.d. marker=n.d. gap=n.d. met=False barrier=0.00 fallback=0.00
  proposed           t_loss= 140 em=3    T_wd=0.1  contact=- buffer lost=False (-) gmin=5.384 (pair 4, t=141.08) stopped=5 completed=False disp=n.d. marker=n.d. gap=n.d. met=False barrier=0.00 fallback=0.00
  proposed           t_loss= 145 em=3    T_wd=0.1  contact=- buffer lost=False (-) gmin=5.396 (pair 4, t=145.97) stopped=5 completed=False disp=n.d. marker=n.d. gap=n.d. met=False barrier=0.00 fallback=0.00
  == proposed           em=3    T_wd=0.1  contact 0/7 [], buffer lost 0 [], completed 0, met 0, aborted 7, gmin min 5.379, disp max (completed) n.d.
  proposed           t_loss=  15 em=3    T_wd=0.25 contact=- buffer lost=False (-) gmin=29.560 (pair 4, t=21.53) stopped=5 completed=False disp=n.d. marker=n.d. gap=n.d. met=False barrier=0.00 fallback=0.00
  proposed           t_loss=  30 em=3    T_wd=0.25 contact=- buffer lost=False (-) gmin=17.821 (pair 4, t=35.63) stopped=5 completed=False disp=n.d. marker=n.d. gap=n.d. met=False barrier=0.00 fallback=0.00
  proposed           t_loss=  60 em=3    T_wd=0.25 contact=- buffer lost=False (-) gmin=7.797 (pair 4, t=63.61) stopped=5 completed=False disp=n.d. marker=n.d. gap=n.d. met=False barrier=0.00 fallback=0.00
  proposed           t_loss=  90 em=3    T_wd=0.25 contact=- buffer lost=False (-) gmin=5.382 (pair 4, t=92.50) stopped=5 completed=False disp=n.d. marker=n.d. gap=n.d. met=False barrier=0.00 fallback=0.00
  proposed           t_loss= 120 em=3    T_wd=0.25 contact=- buffer lost=False (-) gmin=5.103 (pair 4, t=121.71) stopped=5 completed=False disp=n.d. marker=n.d. gap=n.d. met=False barrier=0.00 fallback=0.00
  proposed           t_loss= 140 em=3    T_wd=0.25 contact=- buffer lost=False (-) gmin=5.199 (pair 4, t=141.23) stopped=5 completed=False disp=n.d. marker=n.d. gap=n.d. met=False barrier=0.00 fallback=0.00
  proposed           t_loss= 145 em=3    T_wd=0.25 contact=- buffer lost=False (-) gmin=5.233 (pair 4, t=146.11) stopped=5 completed=False disp=n.d. marker=n.d. gap=n.d. met=False barrier=0.00 fallback=0.00
  == proposed           em=3    T_wd=0.25 contact 0/7 [], buffer lost 0 [], completed 0, met 0, aborted 7, gmin min 5.103, disp max (completed) n.d.
  proposed           t_loss=  15 em=3    T_wd=0.5  contact=- buffer lost=False (-) gmin=27.630 (pair 4, t=21.77) stopped=5 completed=False disp=n.d. marker=n.d. gap=n.d. met=False barrier=0.00 fallback=0.00
  proposed           t_loss=  30 em=3    T_wd=0.5  contact=- buffer lost=False (-) gmin=16.211 (pair 4, t=35.86) stopped=5 completed=False disp=n.d. marker=n.d. gap=n.d. met=False barrier=0.00 fallback=0.00
  proposed           t_loss=  60 em=3    T_wd=0.5  contact=- buffer lost=False (-) gmin=6.779 (pair 4, t=63.85) stopped=5 completed=False disp=n.d. marker=n.d. gap=n.d. met=False barrier=0.00 fallback=0.00
  proposed           t_loss=  90 em=3    T_wd=0.5  contact=- buffer lost=False (-) gmin=4.697 (pair 4, t=92.73) stopped=5 completed=False disp=n.d. marker=n.d. gap=n.d. met=False barrier=0.00 fallback=0.00
  proposed           t_loss= 120 em=3    T_wd=0.5  contact=- buffer lost=False (-) gmin=4.658 (pair 4, t=121.95) stopped=5 completed=False disp=n.d. marker=n.d. gap=n.d. met=False barrier=0.00 fallback=0.00
  proposed           t_loss= 140 em=3    T_wd=0.5  contact=- buffer lost=False (-) gmin=4.900 (pair 4, t=141.47) stopped=5 completed=False disp=n.d. marker=n.d. gap=n.d. met=False barrier=0.00 fallback=0.00
  proposed           t_loss= 145 em=3    T_wd=0.5  contact=- buffer lost=False (-) gmin=4.970 (pair 4, t=146.35) stopped=5 completed=False disp=n.d. marker=n.d. gap=n.d. met=False barrier=0.00 fallback=0.00
  == proposed           em=3    T_wd=0.5  contact 0/7 [], buffer lost 0 [], completed 0, met 0, aborted 7, gmin min 4.658, disp max (completed) n.d.
  proposed           t_loss=  15 em=3    T_wd=1.0  contact=- buffer lost=False (-) gmin=23.992 (pair 4, t=22.22) stopped=5 completed=False disp=n.d. marker=n.d. gap=n.d. met=False barrier=0.00 fallback=0.00
  proposed           t_loss=  30 em=3    T_wd=1.0  contact=- buffer lost=False (-) gmin=13.181 (pair 4, t=36.30) stopped=5 completed=False disp=n.d. marker=n.d. gap=n.d. met=False barrier=0.00 fallback=0.00
  proposed           t_loss=  60 em=3    T_wd=1.0  contact=- buffer lost=False (-) gmin=4.868 (pair 4, t=64.29) stopped=5 completed=False disp=n.d. marker=n.d. gap=n.d. met=False barrier=0.00 fallback=0.00
  proposed           t_loss=  90 em=3    T_wd=1.0  contact=- buffer lost=False (-) gmin=3.416 (pair 4, t=93.18) stopped=5 completed=False disp=n.d. marker=n.d. gap=n.d. met=False barrier=0.00 fallback=0.00
  proposed           t_loss= 120 em=3    T_wd=1.0  contact=- buffer lost=False (-) gmin=3.831 (pair 4, t=122.40) stopped=5 completed=False disp=n.d. marker=n.d. gap=n.d. met=False barrier=0.00 fallback=0.00
  proposed           t_loss= 140 em=3    T_wd=1.0  contact=- buffer lost=False (-) gmin=4.414 (pair 4, t=141.87) stopped=5 completed=False disp=n.d. marker=n.d. gap=n.d. met=False barrier=0.00 fallback=0.00
  proposed           t_loss= 145 em=3    T_wd=1.0  contact=- buffer lost=False (-) gmin=4.623 (pair 4, t=146.67) stopped=5 completed=False disp=n.d. marker=n.d. gap=n.d. met=False barrier=0.00 fallback=0.00
  == proposed           em=3    T_wd=1.0  contact 0/7 [], buffer lost 0 [], completed 0, met 0, aborted 7, gmin min 3.416, disp max (completed) n.d.
  feedback retuned   t_loss=  15 em=None T_wd=None contact=- buffer lost=False (-) gmin=4.857 (pair 2, t=150.34) stopped=5 completed=True disp=2.2120 marker=2.502 gap=0.643 met=False barrier=0.00 fallback=0.00
  feedback retuned   t_loss=  30 em=None T_wd=None contact=- buffer lost=False (-) gmin=4.857 (pair 2, t=150.34) stopped=5 completed=True disp=2.2120 marker=2.502 gap=0.643 met=False barrier=0.00 fallback=0.00
  feedback retuned   t_loss=  60 em=None T_wd=None contact=- buffer lost=False (-) gmin=4.857 (pair 2, t=150.34) stopped=5 completed=True disp=2.2120 marker=2.502 gap=0.643 met=False barrier=0.00 fallback=0.00
  feedback retuned   t_loss=  90 em=None T_wd=None contact=- buffer lost=False (-) gmin=4.857 (pair 2, t=150.34) stopped=5 completed=True disp=2.2120 marker=2.502 gap=0.643 met=False barrier=0.00 fallback=0.00
  feedback retuned   t_loss= 120 em=None T_wd=None contact=- buffer lost=False (-) gmin=4.857 (pair 2, t=150.34) stopped=5 completed=True disp=2.2120 marker=2.502 gap=0.643 met=False barrier=0.00 fallback=0.00
  feedback retuned   t_loss= 140 em=None T_wd=None contact=- buffer lost=False (-) gmin=4.861 (pair 2, t=150.34) stopped=5 completed=True disp=2.2151 marker=2.538 gap=0.639 met=False barrier=0.00 fallback=0.00
  feedback retuned   t_loss= 145 em=None T_wd=None contact=- buffer lost=False (-) gmin=4.882 (pair 5, t=152.05) stopped=5 completed=True disp=2.2995 marker=2.464 gap=0.618 met=False barrier=0.00 fallback=0.00
  == feedback retuned   em=None T_wd=None contact 0/7 [], buffer lost 0 [], completed 7, met 0, aborted 0, gmin min 4.857, disp max (completed) 2.2995
  feedback retuned   t_loss=  15 em=None T_wd=0.1  contact=- buffer lost=False (-) gmin=5.014 (pair 3, t=22.78) stopped=5 completed=False disp=n.d. marker=n.d. gap=n.d. met=False barrier=0.00 fallback=0.00
  feedback retuned   t_loss=  30 em=None T_wd=0.1  contact=35.812 buffer lost=True (35.571) gmin=-1.002 (pair 5, t=35.81) stopped=3 completed=False disp=n.d. marker=n.d. gap=n.d. met=False barrier=0.00 fallback=0.00
  feedback retuned   t_loss=  60 em=None T_wd=0.1  contact=- buffer lost=False (-) gmin=5.157 (pair 5, t=63.12) stopped=5 completed=False disp=n.d. marker=n.d. gap=n.d. met=False barrier=0.00 fallback=0.00
  feedback retuned   t_loss=  90 em=None T_wd=0.1  contact=- buffer lost=False (-) gmin=5.305 (pair 5, t=92.38) stopped=5 completed=False disp=n.d. marker=n.d. gap=n.d. met=False barrier=0.00 fallback=0.00
  feedback retuned   t_loss= 120 em=None T_wd=0.1  contact=- buffer lost=False (-) gmin=5.411 (pair 5, t=121.64) stopped=5 completed=False disp=n.d. marker=n.d. gap=n.d. met=False barrier=0.00 fallback=0.00
  feedback retuned   t_loss= 140 em=None T_wd=0.1  contact=- buffer lost=False (-) gmin=5.459 (pair 5, t=141.14) stopped=5 completed=False disp=n.d. marker=n.d. gap=n.d. met=False barrier=0.00 fallback=0.00
  feedback retuned   t_loss= 145 em=None T_wd=0.1  contact=- buffer lost=False (-) gmin=5.468 (pair 5, t=146.02) stopped=5 completed=False disp=n.d. marker=n.d. gap=n.d. met=False barrier=0.00 fallback=0.00
  == feedback retuned   em=None T_wd=0.1  contact 1/7 [30.0], buffer lost 1 [30.0], completed 0, met 0, aborted 7, gmin min -1.002, disp max (completed) n.d.
  feedback retuned   t_loss=  15 em=None T_wd=0.25 contact=- buffer lost=False (-) gmin=4.080 (pair 3, t=22.93) stopped=5 completed=False disp=n.d. marker=n.d. gap=n.d. met=False barrier=0.00 fallback=0.00
  feedback retuned   t_loss=  30 em=None T_wd=0.25 contact=35.709 buffer lost=True (35.485) gmin=-1.001 (pair 5, t=35.71) stopped=3 completed=False disp=n.d. marker=n.d. gap=n.d. met=False barrier=0.00 fallback=0.00
  feedback retuned   t_loss=  60 em=None T_wd=0.25 contact=- buffer lost=False (-) gmin=5.157 (pair 5, t=63.27) stopped=5 completed=False disp=n.d. marker=n.d. gap=n.d. met=False barrier=0.00 fallback=0.00
  feedback retuned   t_loss=  90 em=None T_wd=0.25 contact=- buffer lost=False (-) gmin=5.305 (pair 5, t=92.53) stopped=5 completed=False disp=n.d. marker=n.d. gap=n.d. met=False barrier=0.00 fallback=0.00
  feedback retuned   t_loss= 120 em=None T_wd=0.25 contact=- buffer lost=False (-) gmin=5.411 (pair 5, t=121.79) stopped=5 completed=False disp=n.d. marker=n.d. gap=n.d. met=False barrier=0.00 fallback=0.00
  feedback retuned   t_loss= 140 em=None T_wd=0.25 contact=- buffer lost=False (-) gmin=5.459 (pair 5, t=141.29) stopped=5 completed=False disp=n.d. marker=n.d. gap=n.d. met=False barrier=0.00 fallback=0.00
  feedback retuned   t_loss= 145 em=None T_wd=0.25 contact=- buffer lost=False (-) gmin=5.468 (pair 5, t=146.17) stopped=5 completed=False disp=n.d. marker=n.d. gap=n.d. met=False barrier=0.00 fallback=0.00
  == feedback retuned   em=None T_wd=0.25 contact 1/7 [30.0], buffer lost 1 [30.0], completed 0, met 0, aborted 7, gmin min -1.001, disp max (completed) n.d.
  feedback retuned   t_loss=  15 em=None T_wd=0.5  contact=- buffer lost=False (-) gmin=2.525 (pair 3, t=23.19) stopped=5 completed=False disp=n.d. marker=n.d. gap=n.d. met=False barrier=0.00 fallback=0.00
  feedback retuned   t_loss=  30 em=None T_wd=0.5  contact=35.575 buffer lost=True (35.372) gmin=-1.003 (pair 5, t=35.58) stopped=3 completed=False disp=n.d. marker=n.d. gap=n.d. met=False barrier=0.00 fallback=0.00
  feedback retuned   t_loss=  60 em=None T_wd=0.5  contact=- buffer lost=False (-) gmin=5.157 (pair 5, t=63.52) stopped=5 completed=False disp=n.d. marker=n.d. gap=n.d. met=False barrier=0.00 fallback=0.00
  feedback retuned   t_loss=  90 em=None T_wd=0.5  contact=- buffer lost=False (-) gmin=5.305 (pair 5, t=92.78) stopped=5 completed=False disp=n.d. marker=n.d. gap=n.d. met=False barrier=0.00 fallback=0.00
  feedback retuned   t_loss= 120 em=None T_wd=0.5  contact=- buffer lost=False (-) gmin=5.411 (pair 5, t=122.04) stopped=5 completed=False disp=n.d. marker=n.d. gap=n.d. met=False barrier=0.00 fallback=0.00
  feedback retuned   t_loss= 140 em=None T_wd=0.5  contact=- buffer lost=False (-) gmin=5.458 (pair 3, t=141.41) stopped=5 completed=False disp=n.d. marker=n.d. gap=n.d. met=False barrier=0.00 fallback=0.00
  feedback retuned   t_loss= 145 em=None T_wd=0.5  contact=- buffer lost=False (-) gmin=5.467 (pair 3, t=146.30) stopped=5 completed=False disp=n.d. marker=n.d. gap=n.d. met=False barrier=0.00 fallback=0.00
  == feedback retuned   em=None T_wd=0.5  contact 1/7 [30.0], buffer lost 1 [30.0], completed 0, met 0, aborted 7, gmin min -1.003, disp max (completed) n.d.
  feedback retuned   t_loss=  15 em=None T_wd=1.0  contact=- buffer lost=True (22.780) gmin=-0.575 (pair 3, t=23.69) stopped=5 completed=False disp=n.d. marker=n.d. gap=n.d. met=False barrier=0.00 fallback=0.00
  feedback retuned   t_loss=  30 em=None T_wd=1.0  contact=35.575 buffer lost=True (35.387) gmin=-1.000 (pair 5, t=35.58) stopped=3 completed=False disp=n.d. marker=n.d. gap=n.d. met=False barrier=0.00 fallback=0.00
  feedback retuned   t_loss=  60 em=None T_wd=1.0  contact=- buffer lost=False (-) gmin=5.149 (pair 3, t=63.65) stopped=5 completed=False disp=n.d. marker=n.d. gap=n.d. met=False barrier=0.00 fallback=0.00
  feedback retuned   t_loss=  90 em=None T_wd=1.0  contact=- buffer lost=False (-) gmin=5.295 (pair 3, t=93.00) stopped=5 completed=False disp=n.d. marker=n.d. gap=n.d. met=False barrier=0.00 fallback=0.00
  feedback retuned   t_loss= 120 em=None T_wd=1.0  contact=- buffer lost=False (-) gmin=5.402 (pair 3, t=122.35) stopped=5 completed=False disp=n.d. marker=n.d. gap=n.d. met=False barrier=0.00 fallback=0.00
  feedback retuned   t_loss= 140 em=None T_wd=1.0  contact=- buffer lost=False (-) gmin=5.451 (pair 3, t=141.91) stopped=5 completed=False disp=n.d. marker=n.d. gap=n.d. met=False barrier=0.00 fallback=0.00
  feedback retuned   t_loss= 145 em=None T_wd=1.0  contact=- buffer lost=False (-) gmin=5.460 (pair 3, t=146.80) stopped=5 completed=False disp=n.d. marker=n.d. gap=n.d. met=False barrier=0.00 fallback=0.00
  == feedback retuned   em=None T_wd=1.0  contact 1/7 [30.0], buffer lost 2 [15.0, 30.0], completed 0, met 0, aborted 7, gmin min -1.000, disp max (completed) n.d.
  feedback retuned   t_loss=  15 em=3    T_wd=None contact=24.664 buffer lost=True (24.474) gmin=-1.000 (pair 4, t=24.66) stopped=1 completed=False disp=n.d. marker=n.d. gap=n.d. met=False barrier=1.98 fallback=2.22
  feedback retuned   t_loss=  30 em=3    T_wd=None contact=35.424 buffer lost=True (35.239) gmin=-1.001 (pair 5, t=35.42) stopped=2 completed=False disp=n.d. marker=n.d. gap=n.d. met=False barrier=0.42 fallback=2.04
  feedback retuned   t_loss=  60 em=3    T_wd=None contact=- buffer lost=False (-) gmin=2.595 (pair 4, t=63.84) stopped=5 completed=False disp=n.d. marker=n.d. gap=n.d. met=False barrier=0.00 fallback=0.00
  feedback retuned   t_loss=  90 em=3    T_wd=None contact=- buffer lost=False (-) gmin=3.461 (pair 4, t=93.07) stopped=5 completed=False disp=n.d. marker=n.d. gap=n.d. met=False barrier=0.00 fallback=0.00
  feedback retuned   t_loss= 120 em=3    T_wd=None contact=- buffer lost=False (-) gmin=4.239 (pair 4, t=122.30) stopped=5 completed=False disp=n.d. marker=n.d. gap=n.d. met=False barrier=0.00 fallback=0.00
  feedback retuned   t_loss= 140 em=3    T_wd=None contact=- buffer lost=False (-) gmin=4.747 (pair 5, t=142.37) stopped=5 completed=False disp=n.d. marker=n.d. gap=n.d. met=False barrier=0.00 fallback=0.00
  feedback retuned   t_loss= 145 em=3    T_wd=None contact=- buffer lost=False (-) gmin=4.866 (pair 5, t=147.17) stopped=5 completed=False disp=n.d. marker=n.d. gap=n.d. met=False barrier=0.00 fallback=0.00
  == feedback retuned   em=3    T_wd=None contact 2/7 [15.0, 30.0], buffer lost 2 [15.0, 30.0], completed 0, met 0, aborted 7, gmin min -1.001, disp max (completed) n.d.
  feedback retuned   t_loss=  15 em=3    T_wd=0.1  contact=- buffer lost=False (-) gmin=6.079 (pair 3, t=22.68) stopped=5 completed=False disp=n.d. marker=n.d. gap=n.d. met=False barrier=0.00 fallback=0.00
  feedback retuned   t_loss=  30 em=3    T_wd=0.1  contact=35.805 buffer lost=True (35.565) gmin=-1.002 (pair 5, t=35.80) stopped=3 completed=False disp=n.d. marker=n.d. gap=n.d. met=False barrier=0.00 fallback=0.00
  feedback retuned   t_loss=  60 em=3    T_wd=0.1  contact=- buffer lost=False (-) gmin=4.818 (pair 4, t=62.93) stopped=5 completed=False disp=n.d. marker=n.d. gap=n.d. met=False barrier=0.00 fallback=0.00
  feedback retuned   t_loss=  90 em=3    T_wd=0.1  contact=- buffer lost=False (-) gmin=5.048 (pair 4, t=92.23) stopped=5 completed=False disp=n.d. marker=n.d. gap=n.d. met=False barrier=0.00 fallback=0.00
  feedback retuned   t_loss= 120 em=3    T_wd=0.1  contact=- buffer lost=False (-) gmin=5.238 (pair 4, t=121.54) stopped=5 completed=False disp=n.d. marker=n.d. gap=n.d. met=False barrier=0.00 fallback=0.00
  feedback retuned   t_loss= 140 em=3    T_wd=0.1  contact=- buffer lost=False (-) gmin=5.341 (pair 4, t=141.07) stopped=5 completed=False disp=n.d. marker=n.d. gap=n.d. met=False barrier=0.00 fallback=0.00
  feedback retuned   t_loss= 145 em=3    T_wd=0.1  contact=- buffer lost=False (-) gmin=5.364 (pair 4, t=145.96) stopped=5 completed=False disp=n.d. marker=n.d. gap=n.d. met=False barrier=0.00 fallback=0.00
  == feedback retuned   em=3    T_wd=0.1  contact 1/7 [30.0], buffer lost 1 [30.0], completed 0, met 0, aborted 7, gmin min -1.002, disp max (completed) n.d.
  feedback retuned   t_loss=  15 em=3    T_wd=0.25 contact=- buffer lost=False (-) gmin=6.758 (pair 3, t=22.68) stopped=5 completed=False disp=n.d. marker=n.d. gap=n.d. met=False barrier=0.00 fallback=0.00
  feedback retuned   t_loss=  30 em=3    T_wd=0.25 contact=35.669 buffer lost=True (35.447) gmin=-1.003 (pair 5, t=35.67) stopped=3 completed=False disp=n.d. marker=n.d. gap=n.d. met=False barrier=0.00 fallback=0.00
  feedback retuned   t_loss=  60 em=3    T_wd=0.25 contact=- buffer lost=False (-) gmin=4.367 (pair 4, t=63.05) stopped=5 completed=False disp=n.d. marker=n.d. gap=n.d. met=False barrier=0.00 fallback=0.00
  feedback retuned   t_loss=  90 em=3    T_wd=0.25 contact=- buffer lost=False (-) gmin=4.709 (pair 4, t=92.36) stopped=5 completed=False disp=n.d. marker=n.d. gap=n.d. met=False barrier=0.00 fallback=0.00
  feedback retuned   t_loss= 120 em=3    T_wd=0.25 contact=- buffer lost=False (-) gmin=5.010 (pair 4, t=121.66) stopped=5 completed=False disp=n.d. marker=n.d. gap=n.d. met=False barrier=0.00 fallback=0.00
  feedback retuned   t_loss= 140 em=3    T_wd=0.25 contact=- buffer lost=False (-) gmin=5.187 (pair 4, t=141.20) stopped=5 completed=False disp=n.d. marker=n.d. gap=n.d. met=False barrier=0.00 fallback=0.00
  feedback retuned   t_loss= 145 em=3    T_wd=0.25 contact=- buffer lost=False (-) gmin=5.229 (pair 4, t=146.08) stopped=5 completed=False disp=n.d. marker=n.d. gap=n.d. met=False barrier=0.00 fallback=0.00
  == feedback retuned   em=3    T_wd=0.25 contact 1/7 [30.0], buffer lost 1 [30.0], completed 0, met 0, aborted 7, gmin min -1.003, disp max (completed) n.d.
  feedback retuned   t_loss=  15 em=3    T_wd=0.5  contact=- buffer lost=False (-) gmin=7.258 (pair 2, t=16.06) stopped=5 completed=False disp=n.d. marker=n.d. gap=n.d. met=False barrier=0.00 fallback=0.00
  feedback retuned   t_loss=  30 em=3    T_wd=0.5  contact=35.450 buffer lost=True (35.252) gmin=-1.001 (pair 5, t=35.45) stopped=3 completed=False disp=n.d. marker=n.d. gap=n.d. met=False barrier=0.00 fallback=0.00
  feedback retuned   t_loss=  60 em=3    T_wd=0.5  contact=- buffer lost=False (-) gmin=3.784 (pair 4, t=63.22) stopped=5 completed=False disp=n.d. marker=n.d. gap=n.d. met=False barrier=0.00 fallback=0.00
  feedback retuned   t_loss=  90 em=3    T_wd=0.5  contact=- buffer lost=False (-) gmin=4.272 (pair 4, t=92.52) stopped=5 completed=False disp=n.d. marker=n.d. gap=n.d. met=False barrier=0.00 fallback=0.00
  feedback retuned   t_loss= 120 em=3    T_wd=0.5  contact=- buffer lost=False (-) gmin=4.720 (pair 4, t=121.82) stopped=5 completed=False disp=n.d. marker=n.d. gap=n.d. met=False barrier=0.00 fallback=0.00
  feedback retuned   t_loss= 140 em=3    T_wd=0.5  contact=- buffer lost=False (-) gmin=4.996 (pair 4, t=141.36) stopped=5 completed=False disp=n.d. marker=n.d. gap=n.d. met=False barrier=0.00 fallback=0.00
  feedback retuned   t_loss= 145 em=3    T_wd=0.5  contact=- buffer lost=False (-) gmin=5.062 (pair 4, t=146.24) stopped=5 completed=False disp=n.d. marker=n.d. gap=n.d. met=False barrier=0.00 fallback=0.00
  == feedback retuned   em=3    T_wd=0.5  contact 1/7 [30.0], buffer lost 1 [30.0], completed 0, met 0, aborted 7, gmin min -1.001, disp max (completed) n.d.
  feedback retuned   t_loss=  15 em=3    T_wd=1.0  contact=- buffer lost=False (-) gmin=6.953 (pair 2, t=16.47) stopped=5 completed=False disp=n.d. marker=n.d. gap=n.d. met=False barrier=0.00 fallback=0.00
  feedback retuned   t_loss=  30 em=3    T_wd=1.0  contact=35.279 buffer lost=True (35.099) gmin=-1.004 (pair 5, t=35.28) stopped=3 completed=False disp=n.d. marker=n.d. gap=n.d. met=False barrier=0.00 fallback=0.00
  feedback retuned   t_loss=  60 em=3    T_wd=1.0  contact=- buffer lost=False (-) gmin=3.121 (pair 4, t=63.41) stopped=5 completed=False disp=n.d. marker=n.d. gap=n.d. met=False barrier=0.00 fallback=0.00
  feedback retuned   t_loss=  90 em=3    T_wd=1.0  contact=- buffer lost=False (-) gmin=3.787 (pair 4, t=92.72) stopped=5 completed=False disp=n.d. marker=n.d. gap=n.d. met=False barrier=0.00 fallback=0.00
  feedback retuned   t_loss= 120 em=3    T_wd=1.0  contact=- buffer lost=False (-) gmin=4.412 (pair 4, t=122.02) stopped=5 completed=False disp=n.d. marker=n.d. gap=n.d. met=False barrier=0.00 fallback=0.00
  feedback retuned   t_loss= 140 em=3    T_wd=1.0  contact=- buffer lost=False (-) gmin=4.810 (pair 4, t=141.55) stopped=5 completed=False disp=n.d. marker=n.d. gap=n.d. met=False barrier=0.00 fallback=0.00
  feedback retuned   t_loss= 145 em=3    T_wd=1.0  contact=- buffer lost=False (-) gmin=4.913 (pair 4, t=146.43) stopped=5 completed=False disp=n.d. marker=n.d. gap=n.d. met=False barrier=0.00 fallback=0.00
  == feedback retuned   em=3    T_wd=1.0  contact 1/7 [30.0], buffer lost 1 [30.0], completed 0, met 0, aborted 7, gmin min -1.004, disp max (completed) n.d.
  nominal state at   15 s: v [5.012, 6.047, 7.08, 8.109, 9.128], clearances [39.14, 39.45, 39.88, 40.42], u [-0.043, -0.045, -0.04, -0.033, -0.021]
  nominal state at   30 s: v [4.555, 5.345, 6.142, 6.95, 7.771], clearances [24.96, 25.2, 25.54, 26.0], u [-0.03, -0.055, -0.079, -0.104, -0.128]
  nominal state at   60 s: v [3.657, 3.884, 4.113, 4.347, 4.588], clearances [10.88, 10.95, 11.05, 11.18], u [-0.03, -0.041, -0.052, -0.063, -0.075]
  nominal state at   90 s: v [2.76, 2.808, 2.857, 2.907, 2.959], clearances [7.37, 7.39, 7.41, 7.44], u [-0.03, -0.033, -0.035, -0.038, -0.041]
  nominal state at  120 s: v [1.861, 1.87, 1.88, 1.889, 1.899], clearances [6.66, 6.66, 6.67, 6.67], u [-0.03, -0.03, -0.031, -0.032, -0.032]
  nominal state at  140 s: v [1.262, 1.265, 1.268, 1.271, 1.274], clearances [6.55, 6.55, 6.55, 6.55], u [-0.03, -0.03, -0.03, -0.03, -0.031]
  nominal state at  145 s: v [1.112, 1.115, 1.117, 1.119, 1.121], clearances [6.54, 6.54, 6.54, 6.54], u [-0.03, -0.03, -0.03, -0.03, -0.03]
  design record unchanged at the end: True; part run time 5.7 s
  -> data/new_d19/fbref/studies/loss.json (1087.2 kB)
=== part plant ===
    mpc perturbed plant: 20 jobs on 10 workers in 14 s
  proposed, default                            joint  0/20 disp med/max 0.152/0.327 marker 4.65 gap 4.15 gmin 4.05 atU med/max 36.7/75.4 s barrier 0 contacts 0 stopped 20 (pass d/m/g 20/11/0)
  feedback retuned lam=0.50, default           joint 20/20 disp med/max 0.376/0.421 marker 1.39 gap 0.16 gmin 5.34 atU med/max 102.1/104.7 s barrier 0 contacts 0 stopped 20 (pass d/m/g 20/20/20)
  unshaped reference retuned lam=0.50, default joint 20/20 disp med/max 0.365/0.406 marker 1.29 gap 0.15 gmin 5.35 atU med/max 78.9/82.9 s barrier 0 contacts 0 stopped 20 (pass d/m/g 20/20/20)
  cacc h_w=0.2 retuned lam=0.50, default       joint 20/20 disp med/max 0.412/0.450 marker 0.92 gap 0.16 gmin 5.54 atU med/max 42.9/64.4 s barrier 0 contacts 0 stopped 20 (pass d/m/g 20/20/20)
  cacc h_w=0.5 retuned lam=0.40, default       joint 20/20 disp med/max 0.408/0.439 marker 0.99 gap 0.52 gmin 5.89 atU med/max 34.4/57.7 s barrier 0 contacts 0 stopped 20 (pass d/m/g 20/20/20)
  cacc h_w=1.0 retuned lam=0.50, default       joint  0/20 disp med/max 0.644/0.660 marker 3.12 gap 1.06 gmin 6.42 atU med/max 41.0/61.8 s barrier 0 contacts 0 stopped 20 (pass d/m/g 20/0/0)
  pid retuned, default                         joint 20/20 disp med/max 0.214/0.237 marker 0.74 gap 0.79 gmin 4.86 atU med/max 4.7/30.0 s barrier 0 contacts 0 stopped 20 (pass d/m/g 20/20/20)
  proposed, compensated                        joint 20/20 disp med/max 0.146/0.211 marker 1.01 gap 0.96 gmin 5.46 atU med/max 30.8/58.4 s barrier 0 contacts 0 stopped 20 (pass d/m/g 20/20/20)
  feedback retuned lam=0.50, compensated       joint 20/20 disp med/max 0.372/0.417 marker 1.42 gap 0.15 gmin 4.68 atU med/max 86.6/88.4 s barrier 0 contacts 0 stopped 20 (pass d/m/g 20/20/20)
  unshaped reference retuned lam=0.50, compensated joint 20/20 disp med/max 0.359/0.407 marker 1.32 gap 0.14 gmin 5.36 atU med/max 64.7/67.6 s barrier 0 contacts 0 stopped 20 (pass d/m/g 20/20/20)
  cacc h_w=0.2 retuned lam=0.50, compensated   joint 20/20 disp med/max 0.407/0.452 marker 0.95 gap 0.13 gmin 4.04 atU med/max 54.2/59.7 s barrier 0 contacts 0 stopped 20 (pass d/m/g 20/20/20)
  cacc h_w=0.5 retuned lam=0.40, compensated   joint 20/20 disp med/max 0.407/0.440 marker 0.95 gap 0.48 gmin 5.92 atU med/max 28.2/48.3 s barrier 0 contacts 0 stopped 20 (pass d/m/g 20/20/20)
  cacc h_w=1.0 retuned lam=0.50, compensated   joint  0/20 disp med/max 0.645/0.665 marker 3.08 gap 1.04 gmin 6.42 atU med/max 33.8/51.6 s barrier 0 contacts 0 stopped 20 (pass d/m/g 20/5/0)
  pid retuned, compensated                     joint 20/20 disp med/max 0.211/0.235 marker 1.08 gap 0.13 gmin 5.45 atU med/max 4.3/24.2 s barrier 0 contacts 0 stopped 20 (pass d/m/g 20/20/20)
  proposed, ideal actuator, default            joint  0/20 disp med/max 0.143/0.220 marker 2.98 gap 2.58 gmin 4.05 atU med/max 31.5/61.2 s barrier 0 contacts 0 stopped 20 (pass d/m/g 20/20/0)
  proposed, ideal actuator, compensated        joint 20/20 disp med/max 0.139/0.181 marker 0.79 gap 0.48 gmin 5.46 atU med/max 27.0/47.9 s barrier 0 contacts 0 stopped 20 (pass d/m/g 20/20/20)
  proposed, lag 0.5, default                   joint  0/20 disp med/max 0.153/0.324 marker 4.38 gap 3.93 gmin 4.06 atU med/max 37.0/74.0 s barrier 0 contacts 0 stopped 20 (pass d/m/g 20/11/0)
  proposed, lag 0.5, compensated               joint 20/20 disp med/max 0.147/0.225 marker 1.13 gap 0.91 gmin 5.47 atU med/max 30.9/57.4 s barrier 0 contacts 0 stopped 20 (pass d/m/g 20/20/20)
  proposed, lag 1.0, default                   joint  0/20 disp med/max 0.172/0.726 marker 11.16 gap 9.72 gmin 4.06 atU med/max 44.0/94.0 s barrier 0 contacts 0 stopped 20 (pass d/m/g 20/11/0)
  proposed, lag 1.0, compensated               joint 11/20 disp med/max 0.160/0.367 marker 2.27 gap 2.49 gmin 5.47 atU med/max 35.7/72.4 s barrier 0 contacts 0 stopped 20 (pass d/m/g 20/20/11)
  proposed, no grade, default                  joint 11/20 disp med/max 0.150/0.296 marker 3.42 gap 2.05 gmin 5.47 atU med/max 34.6/71.6 s barrier 0 contacts 0 stopped 20 (pass d/m/g 20/11/11)
  proposed, no grade, compensated              joint 20/20 disp med/max 0.146/0.221 marker 1.01 gap 0.96 gmin 5.46 atU med/max 30.6/58.5 s barrier 0 contacts 0 stopped 20 (pass d/m/g 20/20/20)
  proposed, no resistance, default             joint  0/20 disp med/max 0.146/0.217 marker 1.72 gap 2.52 gmin 4.05 atU med/max 30.6/60.0 s barrier 0 contacts 0 stopped 20 (pass d/m/g 20/20/0)
  proposed, no resistance, compensated         joint 20/20 disp med/max 0.145/0.207 marker 1.02 gap 0.87 gmin 5.46 atU med/max 29.6/56.9 s barrier 0 contacts 0 stopped 20 (pass d/m/g 20/20/20)
  mpc (selected weights), default              joint 20/20 disp med/max 0.437/0.516 marker 0.19 gap 0.06 gmin 5.42 atU med/max 18.7/24.3 s barrier 0 contacts 0 stopped 20 (pass d/m/g 20/20/20)
  design record unchanged at the end: True; part run time 25.4 s
  -> data/new_d19/fbref/studies/plant.json (945.1 kB)
total 83.7 s
exit 0
